Archive member included to satisfy reference by file (symbol)

c:/ac6/systemworkbench/plugins/fr.ac6.mcu.externaltools.arm-none.win32_1.7.0.201602121829/tools/compiler/bin/../lib/gcc/arm-none-eabi/5.2.1/../../../../arm-none-eabi/lib/armv7e-m/fpu/fpv5-sp-d16\libc_nano.a(lib_a-exit.o)
                              c:/ac6/systemworkbench/plugins/fr.ac6.mcu.externaltools.arm-none.win32_1.7.0.201602121829/tools/compiler/bin/../lib/gcc/arm-none-eabi/5.2.1/../../../../arm-none-eabi/lib/armv7e-m/fpu/fpv5-sp-d16/crt0.o (exit)
c:/ac6/systemworkbench/plugins/fr.ac6.mcu.externaltools.arm-none.win32_1.7.0.201602121829/tools/compiler/bin/../lib/gcc/arm-none-eabi/5.2.1/../../../../arm-none-eabi/lib/armv7e-m/fpu/fpv5-sp-d16\libc_nano.a(lib_a-impure.o)
                              c:/ac6/systemworkbench/plugins/fr.ac6.mcu.externaltools.arm-none.win32_1.7.0.201602121829/tools/compiler/bin/../lib/gcc/arm-none-eabi/5.2.1/../../../../arm-none-eabi/lib/armv7e-m/fpu/fpv5-sp-d16\libc_nano.a(lib_a-exit.o) (_global_impure_ptr)
c:/ac6/systemworkbench/plugins/fr.ac6.mcu.externaltools.arm-none.win32_1.7.0.201602121829/tools/compiler/bin/../lib/gcc/arm-none-eabi/5.2.1/../../../../arm-none-eabi/lib/armv7e-m/fpu/fpv5-sp-d16\libc_nano.a(lib_a-init.o)
                              c:/ac6/systemworkbench/plugins/fr.ac6.mcu.externaltools.arm-none.win32_1.7.0.201602121829/tools/compiler/bin/../lib/gcc/arm-none-eabi/5.2.1/../../../../arm-none-eabi/lib/armv7e-m/fpu/fpv5-sp-d16/crt0.o (__libc_init_array)
c:/ac6/systemworkbench/plugins/fr.ac6.mcu.externaltools.arm-none.win32_1.7.0.201602121829/tools/compiler/bin/../lib/gcc/arm-none-eabi/5.2.1/../../../../arm-none-eabi/lib/armv7e-m/fpu/fpv5-sp-d16\libc_nano.a(lib_a-malloc.o)
                              Middlewares/ST/STM32_USB_Device_Library/Class/CDC/Src/usbd_cdc.o (malloc)
c:/ac6/systemworkbench/plugins/fr.ac6.mcu.externaltools.arm-none.win32_1.7.0.201602121829/tools/compiler/bin/../lib/gcc/arm-none-eabi/5.2.1/../../../../arm-none-eabi/lib/armv7e-m/fpu/fpv5-sp-d16\libc_nano.a(lib_a-memset.o)
                              c:/ac6/systemworkbench/plugins/fr.ac6.mcu.externaltools.arm-none.win32_1.7.0.201602121829/tools/compiler/bin/../lib/gcc/arm-none-eabi/5.2.1/../../../../arm-none-eabi/lib/armv7e-m/fpu/fpv5-sp-d16/crt0.o (memset)
c:/ac6/systemworkbench/plugins/fr.ac6.mcu.externaltools.arm-none.win32_1.7.0.201602121829/tools/compiler/bin/../lib/gcc/arm-none-eabi/5.2.1/../../../../arm-none-eabi/lib/armv7e-m/fpu/fpv5-sp-d16\libc_nano.a(lib_a-nano-freer.o)
                              c:/ac6/systemworkbench/plugins/fr.ac6.mcu.externaltools.arm-none.win32_1.7.0.201602121829/tools/compiler/bin/../lib/gcc/arm-none-eabi/5.2.1/../../../../arm-none-eabi/lib/armv7e-m/fpu/fpv5-sp-d16\libc_nano.a(lib_a-malloc.o) (_free_r)
c:/ac6/systemworkbench/plugins/fr.ac6.mcu.externaltools.arm-none.win32_1.7.0.201602121829/tools/compiler/bin/../lib/gcc/arm-none-eabi/5.2.1/../../../../arm-none-eabi/lib/armv7e-m/fpu/fpv5-sp-d16\libc_nano.a(lib_a-nano-mallocr.o)
                              c:/ac6/systemworkbench/plugins/fr.ac6.mcu.externaltools.arm-none.win32_1.7.0.201602121829/tools/compiler/bin/../lib/gcc/arm-none-eabi/5.2.1/../../../../arm-none-eabi/lib/armv7e-m/fpu/fpv5-sp-d16\libc_nano.a(lib_a-malloc.o) (_malloc_r)
c:/ac6/systemworkbench/plugins/fr.ac6.mcu.externaltools.arm-none.win32_1.7.0.201602121829/tools/compiler/bin/../lib/gcc/arm-none-eabi/5.2.1/../../../../arm-none-eabi/lib/armv7e-m/fpu/fpv5-sp-d16\libc_nano.a(lib_a-sbrkr.o)
                              c:/ac6/systemworkbench/plugins/fr.ac6.mcu.externaltools.arm-none.win32_1.7.0.201602121829/tools/compiler/bin/../lib/gcc/arm-none-eabi/5.2.1/../../../../arm-none-eabi/lib/armv7e-m/fpu/fpv5-sp-d16\libc_nano.a(lib_a-nano-mallocr.o) (_sbrk_r)
c:/ac6/systemworkbench/plugins/fr.ac6.mcu.externaltools.arm-none.win32_1.7.0.201602121829/tools/compiler/bin/../lib/gcc/arm-none-eabi/5.2.1/../../../../arm-none-eabi/lib/armv7e-m/fpu/fpv5-sp-d16\libc_nano.a(lib_a-reent.o)
                              c:/ac6/systemworkbench/plugins/fr.ac6.mcu.externaltools.arm-none.win32_1.7.0.201602121829/tools/compiler/bin/../lib/gcc/arm-none-eabi/5.2.1/../../../../arm-none-eabi/lib/armv7e-m/fpu/fpv5-sp-d16\libc_nano.a(lib_a-sbrkr.o) (errno)
c:/ac6/systemworkbench/plugins/fr.ac6.mcu.externaltools.arm-none.win32_1.7.0.201602121829/tools/compiler/bin/../lib/gcc/arm-none-eabi/5.2.1/../../../../arm-none-eabi/lib/armv7e-m/fpu/fpv5-sp-d16\libnosys.a(sbrk.o)
                              c:/ac6/systemworkbench/plugins/fr.ac6.mcu.externaltools.arm-none.win32_1.7.0.201602121829/tools/compiler/bin/../lib/gcc/arm-none-eabi/5.2.1/../../../../arm-none-eabi/lib/armv7e-m/fpu/fpv5-sp-d16\libc_nano.a(lib_a-sbrkr.o) (_sbrk)
c:/ac6/systemworkbench/plugins/fr.ac6.mcu.externaltools.arm-none.win32_1.7.0.201602121829/tools/compiler/bin/../lib/gcc/arm-none-eabi/5.2.1/../../../../arm-none-eabi/lib/armv7e-m/fpu/fpv5-sp-d16\libnosys.a(_exit.o)
[...]
Memory Configuration

Name             Origin             Length             Attributes
FLASH            0x08000000         0x00100000         xr
RAM              0x20000000         0x00050000         xrw
*default*        0x00000000         0xffffffff

Linker script and memory map

LOAD c:/ac6/systemworkbench/plugins/fr.ac6.mcu.externaltools.arm-none.win32_1.7.0.201602121829/tools/compiler/bin/../lib/gcc/arm-none-eabi/5.2.1/armv7e-m/fpu/fpv5-sp-d16/crti.o
LOAD c:/ac6/systemworkbench/plugins/fr.ac6.mcu.externaltools.arm-none.win32_1.7.0.201602121829/tools/compiler/bin/../lib/gcc/arm-none-eabi/5.2.1/armv7e-m/fpu/fpv5-sp-d16/crtbegin.o
LOAD c:/ac6/systemworkbench/plugins/fr.ac6.mcu.externaltools.arm-none.win32_1.7.0.201602121829/tools/compiler/bin/../lib/gcc/arm-none-eabi/5.2.1/../../../../arm-none-eabi/lib/armv7e-m/fpu/fpv5-sp-d16/crt0.o
LOAD c:/ac6/systemworkbench/plugins/fr.ac6.mcu.externaltools.arm-none.win32_1.7.0.201602121829/tools/compiler/bin/../lib/gcc/arm-none-eabi/5.2.1/../../../../arm-none-eabi/lib/armv7e-m/fpu/fpv5-sp-d16\libm.a
LOAD Drivers/CMSIS/Device/ST/STM32F7xx/Source/Templates/gcc/startup_stm32f756xx.o
LOAD Drivers/CMSIS/Device/ST/STM32F7xx/Source/Templates/system_stm32f7xx.o
LOAD Drivers/STM32F7xx_HAL_Driver/Src/stm32f7xx_hal.o
LOAD Drivers/STM32F7xx_HAL_Driver/Src/stm32f7xx_hal_cortex.o
LOAD Drivers/STM32F7xx_HAL_Driver/Src/stm32f7xx_hal_dma.o
LOAD Drivers/STM32F7xx_HAL_Driver/Src/stm32f7xx_hal_dma_ex.o
LOAD Drivers/STM32F7xx_HAL_Driver/Src/stm32f7xx_hal_flash.o
LOAD Drivers/STM32F7xx_HAL_Driver/Src/stm32f7xx_hal_flash_ex.o
LOAD Drivers/STM32F7xx_HAL_Driver/Src/stm32f7xx_hal_gpio.o
LOAD Drivers/STM32F7xx_HAL_Driver/Src/stm32f7xx_hal_pcd.o
LOAD Drivers/STM32F7xx_HAL_Driver/Src/stm32f7xx_hal_pcd_ex.o
LOAD Drivers/STM32F7xx_HAL_Driver/Src/stm32f7xx_hal_pwr.o
LOAD Drivers/STM32F7xx_HAL_Driver/Src/stm32f7xx_hal_pwr_ex.o
LOAD Drivers/STM32F7xx_HAL_Driver/Src/stm32f7xx_hal_rcc.o
LOAD Drivers/STM32F7xx_HAL_Driver/Src/stm32f7xx_hal_rcc_ex.o
LOAD Drivers/STM32F7xx_HAL_Driver/Src/stm32f7xx_hal_tim.o
LOAD Drivers/STM32F7xx_HAL_Driver/Src/stm32f7xx_hal_tim_ex.o
LOAD Drivers/STM32F7xx_HAL_Driver/Src/stm32f7xx_ll_usb.o
LOAD Middlewares/ST/STM32_USB_Device_Library/Class/CDC/Src/usbd_cdc.o
LOAD Middlewares/ST/STM32_USB_Device_Library/Core/Src/usbd_core.o
LOAD Middlewares/ST/STM32_USB_Device_Library/Core/Src/usbd_ctlreq.o
LOAD Middlewares/ST/STM32_USB_Device_Library/Core/Src/usbd_ioreq.o
LOAD Src/main.o
LOAD Src/stm32f7xx_hal_msp.o
LOAD Src/stm32f7xx_it.o
LOAD Src/usb_device.o
LOAD Src/usbd_cdc_if.o
LOAD Src/usbd_conf.o
LOAD Src/usbd_desc.o
START GROUP
LOAD c:/ac6/systemworkbench/plugins/fr.ac6.mcu.externaltools.arm-none.win32_1.7.0.201602121829/tools/compiler/bin/../lib/gcc/arm-none-eabi/5.2.1/armv7e-m/fpu/fpv5-sp-d16\libgcc.a
LOAD c:/ac6/systemworkbench/plugins/fr.ac6.mcu.externaltools.arm-none.win32_1.7.0.201602121829/tools/compiler/bin/../lib/gcc/arm-none-eabi/5.2.1/../../../../arm-none-eabi/lib/armv7e-m/fpu/fpv5-sp-d16\libc_nano.a
END GROUP
START GROUP
LOAD c:/ac6/systemworkbench/plugins/fr.ac6.mcu.externaltools.arm-none.win32_1.7.0.201602121829/tools/compiler/bin/../lib/gcc/arm-none-eabi/5.2.1/armv7e-m/fpu/fpv5-sp-d16\libgcc.a
LOAD c:/ac6/systemworkbench/plugins/fr.ac6.mcu.externaltools.arm-none.win32_1.7.0.201602121829/tools/compiler/bin/../lib/gcc/arm-none-eabi/5.2.1/../../../../arm-none-eabi/lib/armv7e-m/fpu/fpv5-sp-d16\libc_nano.a
LOAD c:/ac6/systemworkbench/plugins/fr.ac6.mcu.externaltools.arm-none.win32_1.7.0.201602121829/tools/compiler/bin/../lib/gcc/arm-none-eabi/5.2.1/../../../../arm-none-eabi/lib/armv7e-m/fpu/fpv5-sp-d16\libnosys.a
END GROUP
START GROUP
LOAD c:/ac6/systemworkbench/plugins/fr.ac6.mcu.externaltools.arm-none.win32_1.7.0.201602121829/tools/compiler/bin/../lib/gcc/arm-none-eabi/5.2.1/armv7e-m/fpu/fpv5-sp-d16\libgcc.a
LOAD c:/ac6/systemworkbench/plugins/fr.ac6.mcu.externaltools.arm-none.win32_1.7.0.201602121829/tools/compiler/bin/../lib/gcc/arm-none-eabi/5.2.1/../../../../arm-none-eabi/lib/armv7e-m/fpu/fpv5-sp-d16\libc_nano.a
LOAD c:/ac6/systemworkbench/plugins/fr.ac6.mcu.externaltools.arm-none.win32_1.7.0.201602121829/tools/compiler/bin/../lib/gcc/arm-none-eabi/5.2.1/../../../../arm-none-eabi/lib/armv7e-m/fpu/fpv5-sp-d16\libnosys.a
END GROUP
LOAD c:/ac6/systemworkbench/plugins/fr.ac6.mcu.externaltools.arm-none.win32_1.7.0.201602121829/tools/compiler/bin/../lib/gcc/arm-none-eabi/5.2.1/armv7e-m/fpu/fpv5-sp-d16/crtend.o
LOAD c:/ac6/systemworkbench/plugins/fr.ac6.mcu.externaltools.arm-none.win32_1.7.0.201602121829/tools/compiler/bin/../lib/gcc/arm-none-eabi/5.2.1/armv7e-m/fpu/fpv5-sp-d16/crtn.o
                0x20050000                _estack = 0x20050000
                0x00000200                _Min_Heap_Size = 0x200
                0x00000400                _Min_Stack_Size = 0x400

.isr_vector     0x08000000      0x1c8
                0x08000000                . = ALIGN (0x4)
 *(.isr_vector)
 .isr_vector    0x08000000      0x1c8 Drivers/CMSIS/Device/ST/STM32F7xx/Source/Templates/gcc/startup_stm32f756xx.o
                0x08000000                g_pfnVectors
                0x080001c8                . = ALIGN (0x4)

.text           0x080001c8     0x3458
                0x080001c8                . = ALIGN (0x4)
 *(.text)
 .text          0x080001c8       0xa4 c:/ac6/systemworkbench/plugins/fr.ac6.mcu.externaltools.arm-none.win32_1.7.0.201602121829/tools/compiler/bin/../lib/gcc/arm-none-eabi/5.2.1/armv7e-m/fpu/fpv5-sp-d16/crtbegin.o
 *(.text*)
 .text.Reset_Handler
                0x0800026c       0x50 Drivers/CMSIS/Device/ST/STM32F7xx/Source/Templates/gcc/startup_stm32f756xx.o
                0x0800026c                Reset_Handler
 .text.Default_Handler
                0x080002bc        0x2 Drivers/CMSIS/Device/ST/STM32F7xx/Source/Templates/gcc/startup_stm32f756xx.o
                0x080002bc                RTC_Alarm_IRQHandler
                0x080002bc                HASH_RNG_IRQHandler
                0x080002bc                EXTI2_IRQHandler
                0x080002bc                TIM8_CC_IRQHandler
                0x080002bc                UART8_IRQHandler
                0x080002bc                SPI4_IRQHandler
                0x080002bc                TIM1_CC_IRQHandler
                0x080002bc                DMA2_Stream5_IRQHandler
                0x080002bc                DMA1_Stream5_IRQHandler
                0x080002bc                PVD_IRQHandler
                0x080002bc                TAMP_STAMP_IRQHandler
                0x080002bc                PendSV_Handler
                0x080002bc                CAN2_RX1_IRQHandler
                0x080002bc                EXTI3_IRQHandler
                0x080002bc                TIM8_TRG_COM_TIM14_IRQHandler
                0x080002bc                TIM1_UP_TIM10_IRQHandler
                0x080002bc                TIM8_UP_TIM13_IRQHandler
                0x080002bc                I2C3_ER_IRQHandler
                0x080002bc                EXTI0_IRQHandler
                0x080002bc                I2C2_EV_IRQHandler
                0x080002bc                DMA1_Stream2_IRQHandler
                0x080002bc                CAN1_RX0_IRQHandler
                0x080002bc                FPU_IRQHandler
                0x080002bc                OTG_HS_WKUP_IRQHandler
                0x080002bc                LTDC_ER_IRQHandler
                0x080002bc                CAN2_SCE_IRQHandler
                0x080002bc                DMA2_Stream2_IRQHandler
                0x080002bc                SPI1_IRQHandler
                0x080002bc                TIM6_DAC_IRQHandler
                0x080002bc                TIM1_BRK_TIM9_IRQHandler
                0x080002bc                DCMI_IRQHandler
                0x080002bc                CAN2_RX0_IRQHandler
                0x080002bc                DMA2_Stream3_IRQHandler
                0x080002bc                SAI2_IRQHandler
                0x080002bc                USART6_IRQHandler
                0x080002bc                USART3_IRQHandler
                0x080002bc                CRYP_IRQHandler
                0x080002bc                CAN1_RX1_IRQHandler
                0x080002bc                UART5_IRQHandler
                0x080002bc                DMA2_Stream0_IRQHandler
                0x080002bc                TIM4_IRQHandler
                0x080002bc                QUADSPI_IRQHandler
                0x080002bc                I2C1_EV_IRQHandler
                0x080002bc                DMA1_Stream6_IRQHandler
                0x080002bc                DMA1_Stream1_IRQHandler
                0x080002bc                UART4_IRQHandler
                0x080002bc                TIM3_IRQHandler
                0x080002bc                RCC_IRQHandler
                0x080002bc                TIM8_BRK_TIM12_IRQHandler
                0x080002bc                Default_Handler
                0x080002bc                CEC_IRQHandler
                0x080002bc                EXTI15_10_IRQHandler
                0x080002bc                ADC_IRQHandler
                0x080002bc                DMA1_Stream7_IRQHandler
                0x080002bc                SPI5_IRQHandler
                0x080002bc                TIM7_IRQHandler
                0x080002bc                SDMMC1_IRQHandler
                0x080002bc                CAN2_TX_IRQHandler
                0x080002bc                TIM5_IRQHandler
                0x080002bc                DMA2_Stream7_IRQHandler
                0x080002bc                I2C3_EV_IRQHandler
                0x080002bc                EXTI9_5_IRQHandler
                0x080002bc                RTC_WKUP_IRQHandler
                0x080002bc                LTDC_IRQHandler
                0x080002bc                ETH_WKUP_IRQHandler
                0x080002bc                SPDIF_RX_IRQHandler
                0x080002bc                SPI2_IRQHandler
                0x080002bc                OTG_HS_EP1_IN_IRQHandler
                0x080002bc                DMA1_Stream0_IRQHandler
                0x080002bc                CAN1_TX_IRQHandler
                0x080002bc                SVC_Handler
                0x080002bc                EXTI4_IRQHandler
                0x080002bc                ETH_IRQHandler
                0x080002bc                OTG_HS_EP1_OUT_IRQHandler
                0x080002bc                WWDG_IRQHandler
                0x080002bc                SPI6_IRQHandler
                0x080002bc                I2C4_EV_IRQHandler
                0x080002bc                TIM2_IRQHandler
                0x080002bc                OTG_FS_WKUP_IRQHandler
                0x080002bc                TIM1_TRG_COM_TIM11_IRQHandler
                0x080002bc                OTG_HS_IRQHandler
                0x080002bc                DMA2D_IRQHandler
                0x080002bc                EXTI1_IRQHandler
                0x080002bc                UART7_IRQHandler
                0x080002bc                USART2_IRQHandler
                0x080002bc                I2C2_ER_IRQHandler
                0x080002bc                DMA2_Stream1_IRQHandler
                0x080002bc                CAN1_SCE_IRQHandler
                0x080002bc                FLASH_IRQHandler
                0x080002bc                DMA2_Stream4_IRQHandler
                0x080002bc                USART1_IRQHandler
                0x080002bc                SPI3_IRQHandler
                0x080002bc                DMA1_Stream4_IRQHandler
                0x080002bc                I2C1_ER_IRQHandler
                0x080002bc                FMC_IRQHandler
                0x080002bc                LPTIM1_IRQHandler
                0x080002bc                I2C4_ER_IRQHandler
                0x080002bc                DMA2_Stream6_IRQHandler
                0x080002bc                SAI1_IRQHandler
                0x080002bc                DMA1_Stream3_IRQHandler
 *fill*         0x080002be        0x2 
 .text.SystemInit
                0x080002c0       0x4c Drivers/CMSIS/Device/ST/STM32F7xx/Source/Templates/system_stm32f7xx.o
                0x080002c0                SystemInit
 .text.HAL_InitTick
                0x0800030c       0x24 Drivers/STM32F7xx_HAL_Driver/Src/stm32f7xx_hal.o
                0x0800030c                HAL_InitTick
 .text.HAL_Init
                0x08000330       0x16 Drivers/STM32F7xx_HAL_Driver/Src/stm32f7xx_hal.o
                0x08000330                HAL_Init
 *fill*         0x08000346        0x2 
 .text.HAL_IncTick
                0x08000348       0x10 Drivers/STM32F7xx_HAL_Driver/Src/stm32f7xx_hal.o
                0x08000348                HAL_IncTick
 .text.HAL_GetTick
                0x08000358        0xc Drivers/STM32F7xx_HAL_Driver/Src/stm32f7xx_hal.o
                0x08000358                HAL_GetTick
 .text.HAL_Delay
                0x08000364       0x1a Drivers/STM32F7xx_HAL_Driver/Src/stm32f7xx_hal.o
                0x08000364                HAL_Delay
 *fill*         0x0800037e        0x2 
 .text.HAL_NVIC_SetPriorityGrouping
                0x08000380       0x24 Drivers/STM32F7xx_HAL_Driver/Src/stm32f7xx_hal_cortex.o
                0x08000380                HAL_NVIC_SetPriorityGrouping
 .text.HAL_NVIC_SetPriority
                0x080003a4       0x70 Drivers/STM32F7xx_HAL_Driver/Src/stm32f7xx_hal_cortex.o
                0x080003a4                HAL_NVIC_SetPriority
 .text.HAL_NVIC_EnableIRQ
                0x08000414       0x18 Drivers/STM32F7xx_HAL_Driver/Src/stm32f7xx_hal_cortex.o
                0x08000414                HAL_NVIC_EnableIRQ
 .text.HAL_SYSTICK_Config
                0x0800042c       0x2c Drivers/STM32F7xx_HAL_Driver/Src/stm32f7xx_hal_cortex.o
                0x0800042c                HAL_SYSTICK_Config
 .text.HAL_SYSTICK_CLKSourceConfig
                0x08000458       0x18 Drivers/STM32F7xx_HAL_Driver/Src/stm32f7xx_hal_cortex.o
                0x08000458                HAL_SYSTICK_CLKSourceConfig
 .text.HAL_SYSTICK_Callback
                0x08000470        0x2 Drivers/STM32F7xx_HAL_Driver/Src/stm32f7xx_hal_cortex.o
                0x08000470                HAL_SYSTICK_Callback
 .text.HAL_SYSTICK_IRQHandler
                0x08000472        0x8 Drivers/STM32F7xx_HAL_Driver/Src/stm32f7xx_hal_cortex.o
                0x08000472                HAL_SYSTICK_IRQHandler
 *fill*         0x0800047a        0x2 
 .text.HAL_GPIO_Init
                0x0800047c      0x1e0 Drivers/STM32F7xx_HAL_Driver/Src/stm32f7xx_hal_gpio.o
                0x0800047c                HAL_GPIO_Init
 .text.HAL_GPIO_WritePin
                0x0800065c        0x8 Drivers/STM32F7xx_HAL_Driver/Src/stm32f7xx_hal_gpio.o
                0x0800065c                HAL_GPIO_WritePin
 .text.HAL_PCD_Init
                0x08000664       0xd6 Drivers/STM32F7xx_HAL_Driver/Src/stm32f7xx_hal_pcd.o
                0x08000664                HAL_PCD_Init
 .text.HAL_PCD_Start
                0x0800073a       0x2a Drivers/STM32F7xx_HAL_Driver/Src/stm32f7xx_hal_pcd.o
                0x0800073a                HAL_PCD_Start
 .text.HAL_PCD_IRQHandler
                0x08000764      0x4b8 Drivers/STM32F7xx_HAL_Driver/Src/stm32f7xx_hal_pcd.o
                0x08000764                HAL_PCD_IRQHandler
 .text.HAL_PCD_SetAddress
                0x08000c1c       0x24 Drivers/STM32F7xx_HAL_Driver/Src/stm32f7xx_hal_pcd.o
                0x08000c1c                HAL_PCD_SetAddress
 .text.HAL_PCD_EP_Open
                0x08000c40       0x5e Drivers/STM32F7xx_HAL_Driver/Src/stm32f7xx_hal_pcd.o
                0x08000c40                HAL_PCD_EP_Open
 .text.HAL_PCD_EP_Close
                0x08000c9e       0x48 Drivers/STM32F7xx_HAL_Driver/Src/stm32f7xx_hal_pcd.o
                0x08000c9e                HAL_PCD_EP_Close
 .text.HAL_PCD_EP_Receive
                0x08000ce6       0x62 Drivers/STM32F7xx_HAL_Driver/Src/stm32f7xx_hal_pcd.o
                0x08000ce6                HAL_PCD_EP_Receive
 .text.HAL_PCD_EP_GetRxCount
                0x08000d48       0x10 Drivers/STM32F7xx_HAL_Driver/Src/stm32f7xx_hal_pcd.o
                0x08000d48                HAL_PCD_EP_GetRxCount
 .text.HAL_PCD_EP_Transmit
                0x08000d58       0x5a Drivers/STM32F7xx_HAL_Driver/Src/stm32f7xx_hal_pcd.o
                0x08000d58                HAL_PCD_EP_Transmit
 .text.HAL_PCD_EP_SetStall
                0x08000db2       0x60 Drivers/STM32F7xx_HAL_Driver/Src/stm32f7xx_hal_pcd.o
                0x08000db2                HAL_PCD_EP_SetStall
 .text.HAL_PCD_EP_ClrStall
                0x08000e12       0x4e Drivers/STM32F7xx_HAL_Driver/Src/stm32f7xx_hal_pcd.o
                0x08000e12                HAL_PCD_EP_ClrStall
 .text.HAL_PCDEx_SetTxFiFo
                0x08000e60       0x40 Drivers/STM32F7xx_HAL_Driver/Src/stm32f7xx_hal_pcd_ex.o
                0x08000e60                HAL_PCDEx_SetTxFiFo
 .text.HAL_PCDEx_SetRxFiFo
                0x08000ea0        0x8 Drivers/STM32F7xx_HAL_Driver/Src/stm32f7xx_hal_pcd_ex.o
                0x08000ea0                HAL_PCDEx_SetRxFiFo
 .text.HAL_PCDEx_ActivateLPM
                0x08000ea8       0x26 Drivers/STM32F7xx_HAL_Driver/Src/stm32f7xx_hal_pcd_ex.o
                0x08000ea8                HAL_PCDEx_ActivateLPM
 *fill*         0x08000ece        0x2 
 .text.HAL_PWREx_EnableOverDrive
                0x08000ed0       0x74 Drivers/STM32F7xx_HAL_Driver/Src/stm32f7xx_hal_pwr_ex.o
                0x08000ed0                HAL_PWREx_EnableOverDrive
 .text.HAL_RCC_OscConfig
                0x08000f44      0x3a8 Drivers/STM32F7xx_HAL_Driver/Src/stm32f7xx_hal_rcc.o
                0x08000f44                HAL_RCC_OscConfig
 .text.HAL_RCC_ClockConfig
                0x080012ec      0x1bc Drivers/STM32F7xx_HAL_Driver/Src/stm32f7xx_hal_rcc.o
                0x080012ec                HAL_RCC_ClockConfig
 .text.HAL_RCC_GetSysClockFreq
                0x080014a8       0x7c Drivers/STM32F7xx_HAL_Driver/Src/stm32f7xx_hal_rcc.o
                0x080014a8                HAL_RCC_GetSysClockFreq
 .text.HAL_RCC_GetHCLKFreq
                0x08001524       0x34 Drivers/STM32F7xx_HAL_Driver/Src/stm32f7xx_hal_rcc.o
                0x08001524                HAL_RCC_GetHCLKFreq
 .text.HAL_RCCEx_PeriphCLKConfig
                0x08001558      0x748 Drivers/STM32F7xx_HAL_Driver/Src/stm32f7xx_hal_rcc_ex.o
                0x08001558                HAL_RCCEx_PeriphCLKConfig
 .text.USB_CoreInit
                0x08001ca0       0x76 Drivers/STM32F7xx_HAL_Driver/Src/stm32f7xx_ll_usb.o
                0x08001ca0                USB_CoreInit
 .text.USB_EnableGlobalInt
                0x08001d16        0xc Drivers/STM32F7xx_HAL_Driver/Src/stm32f7xx_ll_usb.o
                0x08001d16                USB_EnableGlobalInt
 .text.USB_DisableGlobalInt
                0x08001d22        0xc Drivers/STM32F7xx_HAL_Driver/Src/stm32f7xx_ll_usb.o
                0x08001d22                USB_DisableGlobalInt
 .text.USB_SetCurrentMode
                0x08001d2e       0x2c Drivers/STM32F7xx_HAL_Driver/Src/stm32f7xx_ll_usb.o
                0x08001d2e                USB_SetCurrentMode
 *fill*         0x08001d5a        0x2 
 .text.USB_DevInit
                0x08001d5c      0x148 Drivers/STM32F7xx_HAL_Driver/Src/stm32f7xx_ll_usb.o
                0x08001d5c                USB_DevInit
 .text.USB_FlushTxFifo
                0x08001ea4       0x24 Drivers/STM32F7xx_HAL_Driver/Src/stm32f7xx_ll_usb.o
                0x08001ea4                USB_FlushTxFifo
 .text.USB_FlushRxFifo
                0x08001ec8       0x20 Drivers/STM32F7xx_HAL_Driver/Src/stm32f7xx_ll_usb.o
                0x08001ec8                USB_FlushRxFifo
 .text.USB_SetDevSpeed
                0x08001ee8        0xe Drivers/STM32F7xx_HAL_Driver/Src/stm32f7xx_ll_usb.o
                0x08001ee8                USB_SetDevSpeed
 .text.USB_GetDevSpeed
                0x08001ef6       0x36 Drivers/STM32F7xx_HAL_Driver/Src/stm32f7xx_ll_usb.o
                0x08001ef6                USB_GetDevSpeed
 .text.USB_ActivateEndpoint
                0x08001f2c       0x82 Drivers/STM32F7xx_HAL_Driver/Src/stm32f7xx_ll_usb.o
                0x08001f2c                USB_ActivateEndpoint
 .text.USB_DeactivateEndpoint
                0x08001fae       0x6c Drivers/STM32F7xx_HAL_Driver/Src/stm32f7xx_ll_usb.o
                0x08001fae                USB_DeactivateEndpoint
 *fill*         0x0800201a        0x2 
 .text.USB_EPStartXfer
                0x0800201c      0x230 Drivers/STM32F7xx_HAL_Driver/Src/stm32f7xx_ll_usb.o
                0x0800201c                USB_EPStartXfer
 .text.USB_EP0StartXfer
                0x0800224c      0x154 Drivers/STM32F7xx_HAL_Driver/Src/stm32f7xx_ll_usb.o
                0x0800224c                USB_EP0StartXfer
 .text.USB_WritePacket
                0x080023a0       0x26 Drivers/STM32F7xx_HAL_Driver/Src/stm32f7xx_ll_usb.o
                0x080023a0                USB_WritePacket
 .text.USB_ReadPacket
                0x080023c6       0x20 Drivers/STM32F7xx_HAL_Driver/Src/stm32f7xx_ll_usb.o
                0x080023c6                USB_ReadPacket
 .text.USB_EPSetStall
                0x080023e6       0x62 Drivers/STM32F7xx_HAL_Driver/Src/stm32f7xx_ll_usb.o
                0x080023e6                USB_EPSetStall
 .text.USB_EPClearStall
                0x08002448       0x3a Drivers/STM32F7xx_HAL_Driver/Src/stm32f7xx_ll_usb.o
                0x08002448                USB_EPClearStall
 .text.USB_SetDevAddress
                0x08002482       0x20 Drivers/STM32F7xx_HAL_Driver/Src/stm32f7xx_ll_usb.o
                0x08002482                USB_SetDevAddress
 .text.USB_DevConnect
                0x080024a2       0x18 Drivers/STM32F7xx_HAL_Driver/Src/stm32f7xx_ll_usb.o
                0x080024a2                USB_DevConnect
 .text.USB_DevDisconnect
                0x080024ba       0x18 Drivers/STM32F7xx_HAL_Driver/Src/stm32f7xx_ll_usb.o
                0x080024ba                USB_DevDisconnect
 .text.USB_ReadInterrupts
                0x080024d2        0x8 Drivers/STM32F7xx_HAL_Driver/Src/stm32f7xx_ll_usb.o
                0x080024d2                USB_ReadInterrupts
 .text.USB_ReadDevAllOutEpInterrupt
                0x080024da       0x10 Drivers/STM32F7xx_HAL_Driver/Src/stm32f7xx_ll_usb.o
                0x080024da                USB_ReadDevAllOutEpInterrupt
 .text.USB_ReadDevAllInEpInterrupt
                0x080024ea       0x10 Drivers/STM32F7xx_HAL_Driver/Src/stm32f7xx_ll_usb.o
                0x080024ea                USB_ReadDevAllInEpInterrupt
 .text.USB_ReadDevOutEPInterrupt
                0x080024fa       0x14 Drivers/STM32F7xx_HAL_Driver/Src/stm32f7xx_ll_usb.o
                0x080024fa                USB_ReadDevOutEPInterrupt
 .text.USB_ReadDevInEPInterrupt
                0x0800250e       0x20 Drivers/STM32F7xx_HAL_Driver/Src/stm32f7xx_ll_usb.o
                0x0800250e                USB_ReadDevInEPInterrupt
 .text.USB_GetMode
                0x0800252e        0x8 Drivers/STM32F7xx_HAL_Driver/Src/stm32f7xx_ll_usb.o
                0x0800252e                USB_GetMode
 .text.USB_ActivateSetup
                0x08002536       0x36 Drivers/STM32F7xx_HAL_Driver/Src/stm32f7xx_ll_usb.o
                0x08002536                USB_ActivateSetup
 .text.USB_EP0_OutStart
                0x0800256c       0x40 Drivers/STM32F7xx_HAL_Driver/Src/stm32f7xx_ll_usb.o
                0x0800256c                USB_EP0_OutStart
 .text.USB_CoreReset
                0x080025ac       0x30 Drivers/STM32F7xx_HAL_Driver/Src/stm32f7xx_ll_usb.o
 .text.USBD_CDC_DataIn
                0x080025dc       0x12 Middlewares/ST/STM32_USB_Device_Library/Class/CDC/Src/usbd_cdc.o
 .text.USBD_CDC_EP0_RxReady
                0x080025ee       0x28 Middlewares/ST/STM32_USB_Device_Library/Class/CDC/Src/usbd_cdc.o
 *fill*         0x08002616        0x2 
 .text.USBD_CDC_GetFSCfgDesc
                0x08002618        0xc Middlewares/ST/STM32_USB_Device_Library/Class/CDC/Src/usbd_cdc.o
 .text.USBD_CDC_GetHSCfgDesc
                0x08002624        0xc Middlewares/ST/STM32_USB_Device_Library/Class/CDC/Src/usbd_cdc.o
 .text.USBD_CDC_GetOtherSpeedCfgDesc
                0x08002630        0xc Middlewares/ST/STM32_USB_Device_Library/Class/CDC/Src/usbd_cdc.o
 .text.USBD_CDC_GetDeviceQualifierDescriptor
                0x0800263c        0xc Middlewares/ST/STM32_USB_Device_Library/Class/CDC/Src/usbd_cdc.o
                0x0800263c                USBD_CDC_GetDeviceQualifierDescriptor
 .text.USBD_CDC_DataOut
                0x08002648       0x2e Middlewares/ST/STM32_USB_Device_Library/Class/CDC/Src/usbd_cdc.o
 *fill*         0x08002676        0x2 
 .text.USBD_CDC_Setup
                0x08002678       0x6c Middlewares/ST/STM32_USB_Device_Library/Class/CDC/Src/usbd_cdc.o
 .text.USBD_CDC_DeInit
                0x080026e4       0x3a Middlewares/ST/STM32_USB_Device_Library/Class/CDC/Src/usbd_cdc.o
 .text.USBD_CDC_Init
                0x0800271e       0x8c Middlewares/ST/STM32_USB_Device_Library/Class/CDC/Src/usbd_cdc.o
 .text.USBD_CDC_RegisterInterface
                0x080027aa        0xe Middlewares/ST/STM32_USB_Device_Library/Class/CDC/Src/usbd_cdc.o
                0x080027aa                USBD_CDC_RegisterInterface
 .text.USBD_CDC_SetTxBuffer
                0x080027b8       0x10 Middlewares/ST/STM32_USB_Device_Library/Class/CDC/Src/usbd_cdc.o
                0x080027b8                USBD_CDC_SetTxBuffer
 .text.USBD_CDC_SetRxBuffer
                0x080027c8        0xc Middlewares/ST/STM32_USB_Device_Library/Class/CDC/Src/usbd_cdc.o
                0x080027c8                USBD_CDC_SetRxBuffer
 .text.USBD_CDC_TransmitPacket
                0x080027d4       0x2e Middlewares/ST/STM32_USB_Device_Library/Class/CDC/Src/usbd_cdc.o
                0x080027d4                USBD_CDC_TransmitPacket
 .text.USBD_Init
                0x08002802       0x2a Middlewares/ST/STM32_USB_Device_Library/Core/Src/usbd_core.o
                0x08002802                USBD_Init
 .text.USBD_RegisterClass
                0x0800282c        0xe Middlewares/ST/STM32_USB_Device_Library/Core/Src/usbd_core.o
                0x0800282c                USBD_RegisterClass
 .text.USBD_Start
                0x0800283a        0xa Middlewares/ST/STM32_USB_Device_Library/Core/Src/usbd_core.o
                0x0800283a                USBD_Start
 .text.USBD_SetClassConfig
                0x08002844       0x16 Middlewares/ST/STM32_USB_Device_Library/Core/Src/usbd_core.o
                0x08002844                USBD_SetClassConfig
 .text.USBD_ClrClassConfig
                0x0800285a        0xe Middlewares/ST/STM32_USB_Device_Library/Core/Src/usbd_core.o
                0x0800285a                USBD_ClrClassConfig
 .text.USBD_LL_SetupStage
                0x08002868       0x5a Middlewares/ST/STM32_USB_Device_Library/Core/Src/usbd_core.o
                0x08002868                USBD_LL_SetupStage
 .text.USBD_LL_DataOutStage
                0x080028c2       0x62 Middlewares/ST/STM32_USB_Device_Library/Core/Src/usbd_core.o
                0x080028c2                USBD_LL_DataOutStage
 .text.USBD_LL_DataInStage
                0x08002924       0x9c Middlewares/ST/STM32_USB_Device_Library/Core/Src/usbd_core.o
                0x08002924                USBD_LL_DataInStage
 .text.USBD_LL_Reset
                0x080029c0       0x3e Middlewares/ST/STM32_USB_Device_Library/Core/Src/usbd_core.o
                0x080029c0                USBD_LL_Reset
 .text.USBD_LL_SetSpeed
                0x080029fe        0x6 Middlewares/ST/STM32_USB_Device_Library/Core/Src/usbd_core.o
                0x080029fe                USBD_LL_SetSpeed
 .text.USBD_LL_Suspend
                0x08002a04       0x12 Middlewares/ST/STM32_USB_Device_Library/Core/Src/usbd_core.o
                0x08002a04                USBD_LL_Suspend
 .text.USBD_LL_Resume
                0x08002a16        0xc Middlewares/ST/STM32_USB_Device_Library/Core/Src/usbd_core.o
                0x08002a16                USBD_LL_Resume
 .text.USBD_LL_SOF
                0x08002a22       0x18 Middlewares/ST/STM32_USB_Device_Library/Core/Src/usbd_core.o
                0x08002a22                USBD_LL_SOF
 .text.USBD_LL_IsoINIncomplete
                0x08002a3a        0x4 Middlewares/ST/STM32_USB_Device_Library/Core/Src/usbd_core.o
                0x08002a3a                USBD_LL_IsoINIncomplete
 .text.USBD_LL_IsoOUTIncomplete
                0x08002a3e        0x4 Middlewares/ST/STM32_USB_Device_Library/Core/Src/usbd_core.o
                0x08002a3e                USBD_LL_IsoOUTIncomplete
 .text.USBD_LL_DevConnected
                0x08002a42        0x4 Middlewares/ST/STM32_USB_Device_Library/Core/Src/usbd_core.o
                0x08002a42                USBD_LL_DevConnected
 .text.USBD_LL_DevDisconnected
                0x08002a46       0x16 Middlewares/ST/STM32_USB_Device_Library/Core/Src/usbd_core.o
                0x08002a46                USBD_LL_DevDisconnected
 .text.USBD_ParseSetupRequest
                0x08002a5c       0x28 Middlewares/ST/STM32_USB_Device_Library/Core/Src/usbd_ctlreq.o
                0x08002a5c                USBD_ParseSetupRequest
 .text.USBD_CtlError
                0x08002a84       0x16 Middlewares/ST/STM32_USB_Device_Library/Core/Src/usbd_ctlreq.o
                0x08002a84                USBD_CtlError
 *fill*         0x08002a9a        0x2 
 .text.USBD_StdDevReq
                0x08002a9c      0x22c Middlewares/ST/STM32_USB_Device_Library/Core/Src/usbd_ctlreq.o
                0x08002a9c                USBD_StdDevReq
 .text.USBD_StdItfReq
                0x08002cc8       0x30 Middlewares/ST/STM32_USB_Device_Library/Core/Src/usbd_ctlreq.o
                0x08002cc8                USBD_StdItfReq
 .text.USBD_StdEPReq
                0x08002cf8       0xc6 Middlewares/ST/STM32_USB_Device_Library/Core/Src/usbd_ctlreq.o
                0x08002cf8                USBD_StdEPReq
 .text.USBD_GetString
                0x08002dbe       0x38 Middlewares/ST/STM32_USB_Device_Library/Core/Src/usbd_ctlreq.o
                0x08002dbe                USBD_GetString
 .text.USBD_CtlSendData
                0x08002df6       0x1a Middlewares/ST/STM32_USB_Device_Library/Core/Src/usbd_ioreq.o
                0x08002df6                USBD_CtlSendData
 .text.USBD_CtlContinueSendData
                0x08002e10       0x10 Middlewares/ST/STM32_USB_Device_Library/Core/Src/usbd_ioreq.o
                0x08002e10                USBD_CtlContinueSendData
 .text.USBD_CtlPrepareRx
                0x08002e20       0x1e Middlewares/ST/STM32_USB_Device_Library/Core/Src/usbd_ioreq.o
                0x08002e20                USBD_CtlPrepareRx
 .text.USBD_CtlContinueRx
                0x08002e3e       0x10 Middlewares/ST/STM32_USB_Device_Library/Core/Src/usbd_ioreq.o
                0x08002e3e                USBD_CtlContinueRx
 .text.USBD_CtlSendStatus
                0x08002e4e       0x16 Middlewares/ST/STM32_USB_Device_Library/Core/Src/usbd_ioreq.o
                0x08002e4e                USBD_CtlSendStatus
 .text.USBD_CtlReceiveStatus
                0x08002e64       0x16 Middlewares/ST/STM32_USB_Device_Library/Core/Src/usbd_ioreq.o
                0x08002e64                USBD_CtlReceiveStatus
 *fill*         0x08002e7a        0x2 
 .text.SystemClock_Config
                0x08002e7c       0xb8 Src/main.o
                0x08002e7c                SystemClock_Config
 .text.startup.main
                0x08002f34       0x84 Src/main.o
                0x08002f34                main
 .text.HAL_MspInit
                0x08002fb8       0x48 Src/stm32f7xx_hal_msp.o
                0x08002fb8                HAL_MspInit
 .text.NMI_Handler
                0x08003000        0x2 Src/stm32f7xx_it.o
                0x08003000                NMI_Handler
 .text.HardFault_Handler
                0x08003002        0x2 Src/stm32f7xx_it.o
                0x08003002                HardFault_Handler
 .text.MemManage_Handler
                0x08003004        0x2 Src/stm32f7xx_it.o
                0x08003004                MemManage_Handler
 .text.BusFault_Handler
                0x08003006        0x2 Src/stm32f7xx_it.o
                0x08003006                BusFault_Handler
 .text.UsageFault_Handler
                0x08003008        0x2 Src/stm32f7xx_it.o
                0x08003008                UsageFault_Handler
 .text.DebugMon_Handler
                0x0800300a        0x2 Src/stm32f7xx_it.o
                0x0800300a                DebugMon_Handler
 .text.SysTick_Handler
                0x0800300c        0xe Src/stm32f7xx_it.o
                0x0800300c                SysTick_Handler
 *fill*         0x0800301a        0x2 
 .text.OTG_FS_IRQHandler
                0x0800301c        0xc Src/stm32f7xx_it.o
                0x0800301c                OTG_FS_IRQHandler
 .text.MX_USB_DEVICE_Init
                0x08003028       0x38 Src/usb_device.o
                0x08003028                MX_USB_DEVICE_Init
 .text.CDC_DeInit_FS
                0x08003060        0x4 Src/usbd_cdc_if.o
 .text.CDC_Init_FS
                0x08003064       0x2c Src/usbd_cdc_if.o
 .text.CDC_Control_FS
                0x08003090       0x2c Src/usbd_cdc_if.o
 .text.CDC_Transmit_FS
                0x080030bc       0x2c Src/usbd_cdc_if.o
                0x080030bc                CDC_Transmit_FS
 .text.CDC_Receive_FS
                0x080030e8        0xc Src/usbd_cdc_if.o
 .text.HAL_PCD_MspInit
                0x080030f4       0x70 Src/usbd_conf.o
                0x080030f4                HAL_PCD_MspInit
 .text.HAL_PCD_SetupStageCallback
                0x08003164        0xc Src/usbd_conf.o
                0x08003164                HAL_PCD_SetupStageCallback
 .text.HAL_PCD_DataOutStageCallback
                0x08003170       0x12 Src/usbd_conf.o
                0x08003170                HAL_PCD_DataOutStageCallback
 .text.HAL_PCD_DataInStageCallback
                0x08003182       0x10 Src/usbd_conf.o
                0x08003182                HAL_PCD_DataInStageCallback
 .text.HAL_PCD_SOFCallback
                0x08003192        0x8 Src/usbd_conf.o
                0x08003192                HAL_PCD_SOFCallback
 .text.HAL_PCD_ResetCallback
                0x0800319a       0x20 Src/usbd_conf.o
                0x0800319a                HAL_PCD_ResetCallback
 *fill*         0x080031ba        0x2 
 .text.HAL_PCD_SuspendCallback
                0x080031bc       0x30 Src/usbd_conf.o
                0x080031bc                HAL_PCD_SuspendCallback
 .text.HAL_PCD_ResumeCallback
                0x080031ec        0x8 Src/usbd_conf.o
                0x080031ec                HAL_PCD_ResumeCallback
 .text.HAL_PCD_ISOOUTIncompleteCallback
                0x080031f4        0x8 Src/usbd_conf.o
                0x080031f4                HAL_PCD_ISOOUTIncompleteCallback
 .text.HAL_PCD_ISOINIncompleteCallback
                0x080031fc        0x8 Src/usbd_conf.o
                0x080031fc                HAL_PCD_ISOINIncompleteCallback
 .text.HAL_PCD_ConnectCallback
                0x08003204        0x8 Src/usbd_conf.o
                0x08003204                HAL_PCD_ConnectCallback
 .text.HAL_PCD_DisconnectCallback
                0x0800320c        0x8 Src/usbd_conf.o
                0x0800320c                HAL_PCD_DisconnectCallback
 .text.USBD_LL_Init
                0x08003214       0x5c Src/usbd_conf.o
                0x08003214                USBD_LL_Init
 .text.USBD_LL_Start
                0x08003270        0xe Src/usbd_conf.o
                0x08003270                USBD_LL_Start
 .text.USBD_LL_OpenEP
                0x0800327e       0x14 Src/usbd_conf.o
                0x0800327e                USBD_LL_OpenEP
 .text.USBD_LL_CloseEP
                0x08003292        0xe Src/usbd_conf.o
                0x08003292                USBD_LL_CloseEP
 .text.USBD_LL_StallEP
                0x080032a0        0xe Src/usbd_conf.o
                0x080032a0                USBD_LL_StallEP
 .text.USBD_LL_ClearStallEP
                0x080032ae        0xe Src/usbd_conf.o
                0x080032ae                USBD_LL_ClearStallEP
 .text.USBD_LL_IsStallEP
                0x080032bc       0x26 Src/usbd_conf.o
                0x080032bc                USBD_LL_IsStallEP
 .text.USBD_LL_SetUSBAddress
                0x080032e2        0xe Src/usbd_conf.o
                0x080032e2                USBD_LL_SetUSBAddress
 .text.USBD_LL_Transmit
                0x080032f0        0xe Src/usbd_conf.o
                0x080032f0                USBD_LL_Transmit
 .text.USBD_LL_PrepareReceive
                0x080032fe        0xe Src/usbd_conf.o
                0x080032fe                USBD_LL_PrepareReceive
 .text.USBD_LL_GetRxDataSize
                0x0800330c        0xc Src/usbd_conf.o
                0x0800330c                USBD_LL_GetRxDataSize
 .text.HAL_PCDEx_LPM_Callback
                0x08003318       0x64 Src/usbd_conf.o
                0x08003318                HAL_PCDEx_LPM_Callback
 .text.USBD_FS_DeviceDescriptor
                0x0800337c        0xc Src/usbd_desc.o
                0x0800337c                USBD_FS_DeviceDescriptor
 .text.USBD_FS_LangIDStrDescriptor
                0x08003388        0xc Src/usbd_desc.o
                0x08003388                USBD_FS_LangIDStrDescriptor
 .text.USBD_FS_USR_BOSDescriptor
                0x08003394        0xc Src/usbd_desc.o
                0x08003394                USBD_FS_USR_BOSDescriptor
 .text.USBD_FS_ManufacturerStrDescriptor
                0x080033a0       0x1c Src/usbd_desc.o
                0x080033a0                USBD_FS_ManufacturerStrDescriptor
 .text.USBD_FS_ProductStrDescriptor
                0x080033bc       0x1c Src/usbd_desc.o
                0x080033bc                USBD_FS_ProductStrDescriptor
 .text.USBD_FS_SerialStrDescriptor
                0x080033d8       0x1c Src/usbd_desc.o
                0x080033d8                USBD_FS_SerialStrDescriptor
 .text.USBD_FS_ConfigStrDescriptor
                0x080033f4       0x1c Src/usbd_desc.o
                0x080033f4                USBD_FS_ConfigStrDescriptor
 .text.USBD_FS_InterfaceStrDescriptor
                0x08003410       0x1c Src/usbd_desc.o
                0x08003410                USBD_FS_InterfaceStrDescriptor
 .text.__libc_init_array
                0x0800342c       0x4c c:/ac6/systemworkbench/plugins/fr.ac6.mcu.externaltools.arm-none.win32_1.7.0.201602121829/tools/compiler/bin/../lib/gcc/arm-none-eabi/5.2.1/../../../../arm-none-eabi/lib/armv7e-m/fpu/fpv5-sp-d16\libc_nano.a(lib_a-init.o)
                0x0800342c                __libc_init_array
 .text.malloc   0x08003478       0x10 c:/ac6/systemworkbench/plugins/fr.ac6.mcu.externaltools.arm-none.win32_1.7.0.201602121829/tools/compiler/bin/../lib/gcc/arm-none-eabi/5.2.1/../../../../arm-none-eabi/lib/armv7e-m/fpu/fpv5-sp-d16\libc_nano.a(lib_a-malloc.o)
                0x08003478                malloc
 .text.free     0x08003488       0x10 c:/ac6/systemworkbench/plugins/fr.ac6.mcu.externaltools.arm-none.win32_1.7.0.201602121829/tools/compiler/bin/../lib/gcc/arm-none-eabi/5.2.1/../../../../arm-none-eabi/lib/armv7e-m/fpu/fpv5-sp-d16\libc_nano.a(lib_a-malloc.o)
                0x08003488                free
 .text._free_r  0x08003498       0x8c c:/ac6/systemworkbench/plugins/fr.ac6.mcu.externaltools.arm-none.win32_1.7.0.201602121829/tools/compiler/bin/../lib/gcc/arm-none-eabi/5.2.1/../../../../arm-none-eabi/lib/armv7e-m/fpu/fpv5-sp-d16\libc_nano.a(lib_a-nano-freer.o)
                0x08003498                _free_r
 .text._malloc_r
                0x08003524       0xa8 c:/ac6/systemworkbench/plugins/fr.ac6.mcu.externaltools.arm-none.win32_1.7.0.201602121829/tools/compiler/bin/../lib/gcc/arm-none-eabi/5.2.1/../../../../arm-none-eabi/lib/armv7e-m/fpu/fpv5-sp-d16\libc_nano.a(lib_a-nano-mallocr.o)
                0x08003524                _malloc_r
 .text._sbrk_r  0x080035cc       0x20 c:/ac6/systemworkbench/plugins/fr.ac6.mcu.externaltools.arm-none.win32_1.7.0.201602121829/tools/compiler/bin/../lib/gcc/arm-none-eabi/5.2.1/../../../../arm-none-eabi/lib/armv7e-m/fpu/fpv5-sp-d16\libc_nano.a(lib_a-sbrkr.o)
                0x080035cc                _sbrk_r
 .text._sbrk    0x080035ec       0x1c c:/ac6/systemworkbench/plugins/fr.ac6.mcu.externaltools.arm-none.win32_1.7.0.201602121829/tools/compiler/bin/../lib/gcc/arm-none-eabi/5.2.1/../../../../arm-none-eabi/lib/armv7e-m/fpu/fpv5-sp-d16\libnosys.a(sbrk.o)
                0x080035ec                _sbrk
 *(.glue_7)
 .glue_7        0x08003608        0x0 linker stubs
 *(.glue_7t)
 .glue_7t       0x08003608        0x0 linker stubs
 *(.eh_frame)
 .eh_frame      0x08003608        0x0 c:/ac6/systemworkbench/plugins/fr.ac6.mcu.externaltools.arm-none.win32_1.7.0.201602121829/tools/compiler/bin/../lib/gcc/arm-none-eabi/5.2.1/armv7e-m/fpu/fpv5-sp-d16/crtbegin.o
 *(.init)
 .init          0x08003608        0x4 c:/ac6/systemworkbench/plugins/fr.ac6.mcu.externaltools.arm-none.win32_1.7.0.201602121829/tools/compiler/bin/../lib/gcc/arm-none-eabi/5.2.1/armv7e-m/fpu/fpv5-sp-d16/crti.o
                0x08003608                _init
 .init          0x0800360c        0x8 c:/ac6/systemworkbench/plugins/fr.ac6.mcu.externaltools.arm-none.win32_1.7.0.201602121829/tools/compiler/bin/../lib/gcc/arm-none-eabi/5.2.1/armv7e-m/fpu/fpv5-sp-d16/crtn.o
 *(.fini)
 .fini          0x08003614        0x4 c:/ac6/systemworkbench/plugins/fr.ac6.mcu.externaltools.arm-none.win32_1.7.0.201602121829/tools/compiler/bin/../lib/gcc/arm-none-eabi/5.2.1/armv7e-m/fpu/fpv5-sp-d16/crti.o
                0x08003614                _fini
 .fini          0x08003618        0x8 c:/ac6/systemworkbench/plugins/fr.ac6.mcu.externaltools.arm-none.win32_1.7.0.201602121829/tools/compiler/bin/../lib/gcc/arm-none-eabi/5.2.1/armv7e-m/fpu/fpv5-sp-d16/crtn.o
                0x08003620                . = ALIGN (0x4)
                0x08003620                _etext = .

.vfp11_veneer   0x08003620        0x0
 .vfp11_veneer  0x08003620        0x0 linker stubs

.v4_bx          0x08003620        0x0
 .v4_bx         0x08003620        0x0 linker stubs

.iplt           0x08003620        0x0
 .iplt          0x08003620        0x0 c:/ac6/systemworkbench/plugins/fr.ac6.mcu.externaltools.arm-none.win32_1.7.0.201602121829/tools/compiler/bin/../lib/gcc/arm-none-eabi/5.2.1/armv7e-m/fpu/fpv5-sp-d16/crtbegin.o

.rodata         0x08003620       0x64
                0x08003620                . = ALIGN (0x4)
 *(.rodata)
 .rodata        0x08003620       0x10 Drivers/STM32F7xx_HAL_Driver/Src/stm32f7xx_hal_rcc.o
                0x08003620                APBAHBPrescTable
 *(.rodata*)
 .rodata.str1.1
                0x08003630       0x4f Src/usbd_desc.o
 .rodata.str1.1
                0x0800367f        0x2 c:/ac6/systemworkbench/plugins/fr.ac6.mcu.externaltools.arm-none.win32_1.7.0.201602121829/tools/compiler/bin/../lib/gcc/arm-none-eabi/5.2.1/../../../../arm-none-eabi/lib/armv7e-m/fpu/fpv5-sp-d16\libc_nano.a(lib_a-impure.o)
                0x08003684                . = ALIGN (0x4)
 *fill*         0x08003681        0x3 

.rel.dyn        0x08003684        0x0
 .rel.iplt      0x08003684        0x0 c:/ac6/systemworkbench/plugins/fr.ac6.mcu.externaltools.arm-none.win32_1.7.0.201602121829/tools/compiler/bin/../lib/gcc/arm-none-eabi/5.2.1/armv7e-m/fpu/fpv5-sp-d16/crtbegin.o

.ARM.extab
 *(.ARM.extab* .gnu.linkonce.armextab.*)

.ARM            0x08003684        0x0
                0x08003684                __exidx_start = .
 *(.ARM.exidx*)
                0x08003684                __exidx_end = .

.preinit_array  0x08003684        0x0
                0x08003684                PROVIDE (__preinit_array_start, .)
 *(.preinit_array*)
                0x08003684                PROVIDE (__preinit_array_end, .)

.init_array     0x08003684        0x4
                0x08003684                PROVIDE (__init_array_start, .)
 *(SORT(.init_array.*))
 *(.init_array*)
 .init_array    0x08003684        0x4 c:/ac6/systemworkbench/plugins/fr.ac6.mcu.externaltools.arm-none.win32_1.7.0.201602121829/tools/compiler/bin/../lib/gcc/arm-none-eabi/5.2.1/armv7e-m/fpu/fpv5-sp-d16/crtbegin.o
                0x08003688                PROVIDE (__init_array_end, .)

.fini_array     0x08003688        0x4
                [!provide]                PROVIDE (__fini_array_start, .)
 *(SORT(.fini_array.*))
 *(.fini_array*)
 .fini_array    0x08003688        0x4 c:/ac6/systemworkbench/plugins/fr.ac6.mcu.externaltools.arm-none.win32_1.7.0.201602121829/tools/compiler/bin/../lib/gcc/arm-none-eabi/5.2.1/armv7e-m/fpu/fpv5-sp-d16/crtbegin.o
                [!provide]                PROVIDE (__fini_array_end, .)
                0x0800368c                _sidata = LOADADDR (.data)

.data           0x20000000      0x1d4 load address 0x0800368c
                0x20000000                . = ALIGN (0x4)
                0x20000000                _sdata = .
 *(.data)
 .data          0x20000000        0x4 Drivers/CMSIS/Device/ST/STM32F7xx/Source/Templates/system_stm32f7xx.o
                0x20000000                SystemCoreClock
 .data          0x20000004      0x110 Middlewares/ST/STM32_USB_Device_Library/Class/CDC/Src/usbd_cdc.o
                0x20000004                USBD_CDC_CfgFSDesc
                0x20000048                USBD_CDC_CfgHSDesc
                0x2000008c                USBD_CDC_OtherSpeedCfgDesc
                0x200000dc                USBD_CDC
 .data          0x20000114       0x18 Src/usbd_cdc_if.o
                0x20000114                LineCoding
                0x2000011c                USBD_Interface_fops_FS
 .data          0x2000012c       0x44 Src/usbd_desc.o
                0x2000012c                USBD_FS_DeviceDesc
                0x20000140                USBD_LangIDDesc
                0x20000144                USBD_FS_BOSDesc
                0x20000150                FS_Desc
 *(.data*)
 .data.impure_data
                0x20000170       0x60 c:/ac6/systemworkbench/plugins/fr.ac6.mcu.externaltools.arm-none.win32_1.7.0.201602121829/tools/compiler/bin/../lib/gcc/arm-none-eabi/5.2.1/../../../../arm-none-eabi/lib/armv7e-m/fpu/fpv5-sp-d16\libc_nano.a(lib_a-impure.o)
 .data._impure_ptr
                0x200001d0        0x4 c:/ac6/systemworkbench/plugins/fr.ac6.mcu.externaltools.arm-none.win32_1.7.0.201602121829/tools/compiler/bin/../lib/gcc/arm-none-eabi/5.2.1/../../../../arm-none-eabi/lib/armv7e-m/fpu/fpv5-sp-d16\libc_nano.a(lib_a-impure.o)
                0x200001d0                _impure_ptr
                0x200001d4                . = ALIGN (0x4)
                0x200001d4                _edata = .

.jcr            0x200001d4        0x0 load address 0x08003860
 .jcr           0x200001d4        0x0 c:/ac6/systemworkbench/plugins/fr.ac6.mcu.externaltools.arm-none.win32_1.7.0.201602121829/tools/compiler/bin/../lib/gcc/arm-none-eabi/5.2.1/armv7e-m/fpu/fpv5-sp-d16/crtbegin.o

.tm_clone_table
                0x200001d4        0x0 load address 0x08003860
 .tm_clone_table
                0x200001d4        0x0 c:/ac6/systemworkbench/plugins/fr.ac6.mcu.externaltools.arm-none.win32_1.7.0.201602121829/tools/compiler/bin/../lib/gcc/arm-none-eabi/5.2.1/armv7e-m/fpu/fpv5-sp-d16/crtbegin.o
 .tm_clone_table
                0x200001d4        0x0 c:/ac6/systemworkbench/plugins/fr.ac6.mcu.externaltools.arm-none.win32_1.7.0.201602121829/tools/compiler/bin/../lib/gcc/arm-none-eabi/5.2.1/armv7e-m/fpu/fpv5-sp-d16/crtend.o

.igot.plt       0x200001d4        0x0 load address 0x08003860
 .igot.plt      0x200001d4        0x0 c:/ac6/systemworkbench/plugins/fr.ac6.mcu.externaltools.arm-none.win32_1.7.0.201602121829/tools/compiler/bin/../lib/gcc/arm-none-eabi/5.2.1/armv7e-m/fpu/fpv5-sp-d16/crtbegin.o
                0x200001d4                . = ALIGN (0x4)

.bss            0x200001d4     0x181c load address 0x08003860
                0x200001d4                _sbss = .
                0x200001d4                __bss_start__ = _sbss
 *(.bss)
 .bss           0x200001d4       0x1c c:/ac6/systemworkbench/plugins/fr.ac6.mcu.externaltools.arm-none.win32_1.7.0.201602121829/tools/compiler/bin/../lib/gcc/arm-none-eabi/5.2.1/armv7e-m/fpu/fpv5-sp-d16/crtbegin.o
 .bss           0x200001f0        0x4 Drivers/STM32F7xx_HAL_Driver/Src/stm32f7xx_hal.o
 .bss           0x200001f4        0x1 Middlewares/ST/STM32_USB_Device_Library/Class/CDC/Src/usbd_cdc.o
 .bss           0x200001f5        0x1 Middlewares/ST/STM32_USB_Device_Library/Core/Src/usbd_ctlreq.o
 *(.bss*)
 *fill*         0x200001f6        0x2 
 .bss.__malloc_sbrk_start
                0x200001f8        0x4 c:/ac6/systemworkbench/plugins/fr.ac6.mcu.externaltools.arm-none.win32_1.7.0.201602121829/tools/compiler/bin/../lib/gcc/arm-none-eabi/5.2.1/../../../../arm-none-eabi/lib/armv7e-m/fpu/fpv5-sp-d16\libc_nano.a(lib_a-nano-mallocr.o)
                0x200001f8                __malloc_sbrk_start
 .bss.__malloc_free_list
                0x200001fc        0x4 c:/ac6/systemworkbench/plugins/fr.ac6.mcu.externaltools.arm-none.win32_1.7.0.201602121829/tools/compiler/bin/../lib/gcc/arm-none-eabi/5.2.1/../../../../arm-none-eabi/lib/armv7e-m/fpu/fpv5-sp-d16\libc_nano.a(lib_a-nano-mallocr.o)
                0x200001fc                __malloc_free_list
 .bss.heap_end.4169
                0x20000200        0x4 c:/ac6/systemworkbench/plugins/fr.ac6.mcu.externaltools.arm-none.win32_1.7.0.201602121829/tools/compiler/bin/../lib/gcc/arm-none-eabi/5.2.1/../../../../arm-none-eabi/lib/armv7e-m/fpu/fpv5-sp-d16\libnosys.a(sbrk.o)
 *(COMMON)
 COMMON         0x20000204      0x224 Src/usb_device.o
                0x20000204                hUsbDeviceFS
 COMMON         0x20000428     0x1004 Src/usbd_cdc_if.o
                0x20000428                hUsbDevice_0
                0x2000042c                UserRxBufferFS
                0x20000c2c                UserTxBufferFS
 COMMON         0x2000142c      0x3c0 Src/usbd_conf.o
                0x2000142c                hpcd_USB_OTG_FS
 COMMON         0x200017ec      0x200 Src/usbd_desc.o
                0x200017ec                USBD_StrDesc
 COMMON         0x200019ec        0x4 c:/ac6/systemworkbench/plugins/fr.ac6.mcu.externaltools.arm-none.win32_1.7.0.201602121829/tools/compiler/bin/../lib/gcc/arm-none-eabi/5.2.1/../../../../arm-none-eabi/lib/armv7e-m/fpu/fpv5-sp-d16\libc_nano.a(lib_a-reent.o)
                0x200019ec                errno
                0x200019f0                . = ALIGN (0x4)
                0x200019f0                _ebss = .
                0x200019f0                __bss_end__ = _ebss

._user_heap_stack
                0x200019f0      0x600 load address 0x08003860
                0x200019f0                . = ALIGN (0x8)
                0x200019f0                PROVIDE (end, .)
                [!provide]                PROVIDE (_end, .)
                0x20001bf0                . = (. + _Min_Heap_Size)
 *fill*         0x200019f0      0x200 
                0x20001ff0                . = (. + _Min_Stack_Size)
 *fill*         0x20001bf0      0x400 
                0x20001ff0                . = ALIGN (0x8)

/DISCARD/
 libc.a(*)
 libm.a(*)
 libgcc.a(*)

.ARM.attributes
                0x00000000       0x30
 *(.ARM.attributes)
 .ARM.attributes
                0x00000000       0x22 c:/ac6/systemworkbench/plugins/fr.ac6.mcu.externaltools.arm-none.win32_1.7.0.201602121829/tools/compiler/bin/../lib/gcc/arm-none-eabi/5.2.1/armv7e-m/fpu/fpv5-sp-d16/crti.o
 .ARM.attributes
                0x00000022       0x34 c:/ac6/systemworkbench/plugins/fr.ac6.mcu.externaltools.arm-none.win32_1.7.0.201602121829/tools/compiler/bin/../lib/gcc/arm-none-eabi/5.2.1/armv7e-m/fpu/fpv5-sp-d16/crtbegin.o
 .ARM.attributes
                0x00000056       0x21 Drivers/CMSIS/Device/ST/STM32F7xx/Source/Templates/gcc/startup_stm32f756xx.o
 .ARM.attributes
                0x00000077       0x39 Drivers/CMSIS/Device/ST/STM32F7xx/Source/Templates/system_stm32f7xx.o
 .ARM.attributes
                0x000000b0       0x39 Drivers/STM32F7xx_HAL_Driver/Src/stm32f7xx_hal.o
 .ARM.attributes
                0x000000e9       0x39 Drivers/STM32F7xx_HAL_Driver/Src/stm32f7xx_hal_cortex.o
 .ARM.attributes
                0x00000122       0x39 Drivers/STM32F7xx_HAL_Driver/Src/stm32f7xx_hal_gpio.o
 .ARM.attributes
                0x0000015b       0x39 Drivers/STM32F7xx_HAL_Driver/Src/stm32f7xx_hal_pcd.o
 .ARM.attributes
                0x00000194       0x39 Drivers/STM32F7xx_HAL_Driver/Src/stm32f7xx_hal_pcd_ex.o
 .ARM.attributes
                0x000001cd       0x39 Drivers/STM32F7xx_HAL_Driver/Src/stm32f7xx_hal_pwr_ex.o
 .ARM.attributes
                0x00000206       0x39 Drivers/STM32F7xx_HAL_Driver/Src/stm32f7xx_hal_rcc.o
 .ARM.attributes
                0x0000023f       0x39 Drivers/STM32F7xx_HAL_Driver/Src/stm32f7xx_hal_rcc_ex.o
 .ARM.attributes
                0x00000278       0x39 Drivers/STM32F7xx_HAL_Driver/Src/stm32f7xx_ll_usb.o
 .ARM.attributes
                0x000002b1       0x39 Middlewares/ST/STM32_USB_Device_Library/Class/CDC/Src/usbd_cdc.o
 .ARM.attributes
                0x000002ea       0x39 Middlewares/ST/STM32_USB_Device_Library/Core/Src/usbd_core.o
 .ARM.attributes
                0x00000323       0x39 Middlewares/ST/STM32_USB_Device_Library/Core/Src/usbd_ctlreq.o
 .ARM.attributes
                0x0000035c       0x39 Middlewares/ST/STM32_USB_Device_Library/Core/Src/usbd_ioreq.o
 .ARM.attributes
                0x00000395       0x39 Src/main.o
 .ARM.attributes
                0x000003ce       0x39 Src/stm32f7xx_hal_msp.o
 .ARM.attributes
                0x00000407       0x39 Src/stm32f7xx_it.o
 .ARM.attributes
                0x00000440       0x39 Src/usb_device.o
 .ARM.attributes
                0x00000479       0x39 Src/usbd_cdc_if.o
 .ARM.attributes
                0x000004b2       0x39 Src/usbd_conf.o
 .ARM.attributes
                0x000004eb       0x39 Src/usbd_desc.o
 .ARM.attributes
                0x00000524       0x34 c:/ac6/systemworkbench/plugins/fr.ac6.mcu.externaltools.arm-none.win32_1.7.0.201602121829/tools/compiler/bin/../lib/gcc/arm-none-eabi/5.2.1/../../../../arm-none-eabi/lib/armv7e-m/fpu/fpv5-sp-d16\libc_nano.a(lib_a-impure.o)
 .ARM.attributes
                0x00000558       0x34 c:/ac6/systemworkbench/plugins/fr.ac6.mcu.externaltools.arm-none.win32_1.7.0.201602121829/tools/compiler/bin/../lib/gcc/arm-none-eabi/5.2.1/../../../../arm-none-eabi/lib/armv7e-m/fpu/fpv5-sp-d16\libc_nano.a(lib_a-init.o)
 .ARM.attributes
                0x0000058c       0x34 c:/ac6/systemworkbench/plugins/fr.ac6.mcu.externaltools.arm-none.win32_1.7.0.201602121829/tools/compiler/bin/../lib/gcc/arm-none-eabi/5.2.1/../../../../arm-none-eabi/lib/armv7e-m/fpu/fpv5-sp-d16\libc_nano.a(lib_a-malloc.o)
 .ARM.attributes
                0x000005c0       0x34 c:/ac6/systemworkbench/plugins/fr.ac6.mcu.externaltools.arm-none.win32_1.7.0.201602121829/tools/compiler/bin/../lib/gcc/arm-none-eabi/5.2.1/../../../../arm-none-eabi/lib/armv7e-m/fpu/fpv5-sp-d16\libc_nano.a(lib_a-nano-freer.o)
 .ARM.attributes
                0x000005f4       0x34 c:/ac6/systemworkbench/plugins/fr.ac6.mcu.externaltools.arm-none.win32_1.7.0.201602121829/tools/compiler/bin/../lib/gcc/arm-none-eabi/5.2.1/../../../../arm-none-eabi/lib/armv7e-m/fpu/fpv5-sp-d16\libc_nano.a(lib_a-nano-mallocr.o)
 .ARM.attributes
                0x00000628       0x34 c:/ac6/systemworkbench/plugins/fr.ac6.mcu.externaltools.arm-none.win32_1.7.0.201602121829/tools/compiler/bin/../lib/gcc/arm-none-eabi/5.2.1/../../../../arm-none-eabi/lib/armv7e-m/fpu/fpv5-sp-d16\libc_nano.a(lib_a-sbrkr.o)
 .ARM.attributes
                0x0000065c       0x34 c:/ac6/systemworkbench/plugins/fr.ac6.mcu.externaltools.arm-none.win32_1.7.0.201602121829/tools/compiler/bin/../lib/gcc/arm-none-eabi/5.2.1/../../../../arm-none-eabi/lib/armv7e-m/fpu/fpv5-sp-d16\libc_nano.a(lib_a-reent.o)
 .ARM.attributes
                0x00000690       0x34 c:/ac6/systemworkbench/plugins/fr.ac6.mcu.externaltools.arm-none.win32_1.7.0.201602121829/tools/compiler/bin/../lib/gcc/arm-none-eabi/5.2.1/../../../../arm-none-eabi/lib/armv7e-m/fpu/fpv5-sp-d16\libnosys.a(sbrk.o)
 .ARM.attributes
                0x000006c4       0x34 c:/ac6/systemworkbench/plugins/fr.ac6.mcu.externaltools.arm-none.win32_1.7.0.201602121829/tools/compiler/bin/../lib/gcc/arm-none-eabi/5.2.1/armv7e-m/fpu/fpv5-sp-d16/crtend.o
 .ARM.attributes
                0x000006f8       0x22 c:/ac6/systemworkbench/plugins/fr.ac6.mcu.externaltools.arm-none.win32_1.7.0.201602121829/tools/compiler/bin/../lib/gcc/arm-none-eabi/5.2.1/armv7e-m/fpu/fpv5-sp-d16/crtn.o
OUTPUT(OpenCR_CubeMX.elf elf32-littlearm)

.debug_line     0x00000000     0xc5cc
 .debug_line    0x00000000       0xae Drivers/CMSIS/Device/ST/STM32F7xx/Source/Templates/gcc/startup_stm32f756xx.o
 .debug_line    0x000000ae      0x781 Drivers/CMSIS/Device/ST/STM32F7xx/Source/Templates/system_stm32f7xx.o
 .debug_line    0x0000082f      0x8d2 Drivers/STM32F7xx_HAL_Driver/Src/stm32f7xx_hal.o
 .debug_line    0x00001101      0x940 Drivers/STM32F7xx_HAL_Driver/Src/stm32f7xx_hal_cortex.o
 .debug_line    0x00001a41      0x939 Drivers/STM32F7xx_HAL_Driver/Src/stm32f7xx_hal_gpio.o
 .debug_line    0x0000237a      0xc46 Drivers/STM32F7xx_HAL_Driver/Src/stm32f7xx_hal_pcd.o
 .debug_line    0x00002fc0      0x7be Drivers/STM32F7xx_HAL_Driver/Src/stm32f7xx_hal_pcd_ex.o
 .debug_line    0x0000377e      0x8a4 Drivers/STM32F7xx_HAL_Driver/Src/stm32f7xx_hal_pwr_ex.o
 .debug_line    0x00004022      0xae9 Drivers/STM32F7xx_HAL_Driver/Src/stm32f7xx_hal_rcc.o
 .debug_line    0x00004b0b      0xb67 Drivers/STM32F7xx_HAL_Driver/Src/stm32f7xx_hal_rcc_ex.o
 .debug_line    0x00005672      0xd6a Drivers/STM32F7xx_HAL_Driver/Src/stm32f7xx_ll_usb.o
 .debug_line    0x000063dc      0xa26 Middlewares/ST/STM32_USB_Device_Library/Class/CDC/Src/usbd_cdc.o
 .debug_line    0x00006e02      0x9f4 Middlewares/ST/STM32_USB_Device_Library/Core/Src/usbd_core.o
 .debug_line    0x000077f6      0x945 Middlewares/ST/STM32_USB_Device_Library/Core/Src/usbd_ctlreq.o
 .debug_line    0x0000813b      0x8b9 Middlewares/ST/STM32_USB_Device_Library/Core/Src/usbd_ioreq.o
 .debug_line    0x000089f4      0x84b Src/main.o
 .debug_line    0x0000923f      0x73d Src/stm32f7xx_hal_msp.o
 .debug_line    0x0000997c      0x7b7 Src/stm32f7xx_it.o
 .debug_line    0x0000a133      0x8ac Src/usb_device.o
 .debug_line    0x0000a9df      0x8ea Src/usbd_cdc_if.o
 .debug_line    0x0000b2c9      0xa61 Src/usbd_conf.o
 .debug_line    0x0000bd2a      0x8a2 Src/usbd_desc.o

.debug_info     0x00000000     0xf2c3
 .debug_info    0x00000000       0xa0 Drivers/CMSIS/Device/ST/STM32F7xx/Source/Templates/gcc/startup_stm32f756xx.o
 .debug_info    0x000000a0      0x6a9 Drivers/CMSIS/Device/ST/STM32F7xx/Source/Templates/system_stm32f7xx.o
 .debug_info    0x00000749      0x8f7 Drivers/STM32F7xx_HAL_Driver/Src/stm32f7xx_hal.o
 .debug_info    0x00001040     0x10a2 Drivers/STM32F7xx_HAL_Driver/Src/stm32f7xx_hal_cortex.o
 .debug_info    0x000020e2      0x748 Drivers/STM32F7xx_HAL_Driver/Src/stm32f7xx_hal_gpio.o
 .debug_info    0x0000282a     0x13c4 Drivers/STM32F7xx_HAL_Driver/Src/stm32f7xx_hal_pcd.o
 .debug_info    0x00003bee      0x709 Drivers/STM32F7xx_HAL_Driver/Src/stm32f7xx_hal_pcd_ex.o
 .debug_info    0x000042f7      0x9bf Drivers/STM32F7xx_HAL_Driver/Src/stm32f7xx_hal_pwr_ex.o
 .debug_info    0x00004cb6      0xd02 Drivers/STM32F7xx_HAL_Driver/Src/stm32f7xx_hal_rcc.o
 .debug_info    0x000059b8      0xf6c Drivers/STM32F7xx_HAL_Driver/Src/stm32f7xx_hal_rcc_ex.o
 .debug_info    0x00006924     0x1745 Drivers/STM32F7xx_HAL_Driver/Src/stm32f7xx_ll_usb.o
 .debug_info    0x00008069      0xc90 Middlewares/ST/STM32_USB_Device_Library/Class/CDC/Src/usbd_cdc.o
 .debug_info    0x00008cf9      0xbe9 Middlewares/ST/STM32_USB_Device_Library/Core/Src/usbd_core.o
 .debug_info    0x000098e2      0xbd7 Middlewares/ST/STM32_USB_Device_Library/Core/Src/usbd_ctlreq.o
 .debug_info    0x0000a4b9      0x771 Middlewares/ST/STM32_USB_Device_Library/Core/Src/usbd_ioreq.o
 .debug_info    0x0000ac2a      0xc46 Src/main.o
 .debug_info    0x0000b870      0x41e Src/stm32f7xx_hal_msp.o
 .debug_info    0x0000bc8e      0x637 Src/stm32f7xx_it.o
 .debug_info    0x0000c2c5      0x625 Src/usb_device.o
 .debug_info    0x0000c8ea      0x8b4 Src/usbd_cdc_if.o
 .debug_info    0x0000d19e     0x1bc7 Src/usbd_conf.o
 .debug_info    0x0000ed65      0x55e Src/usbd_desc.o

.debug_abbrev   0x00000000     0x2c1e
 .debug_abbrev  0x00000000       0x12 Drivers/CMSIS/Device/ST/STM32F7xx/Source/Templates/gcc/startup_stm32f756xx.o
 .debug_abbrev  0x00000012      0x120 Drivers/CMSIS/Device/ST/STM32F7xx/Source/Templates/system_stm32f7xx.o
 .debug_abbrev  0x00000132      0x1d2 Drivers/STM32F7xx_HAL_Driver/Src/stm32f7xx_hal.o
 .debug_abbrev  0x00000304      0x332 Drivers/STM32F7xx_HAL_Driver/Src/stm32f7xx_hal_cortex.o
 .debug_abbrev  0x00000636      0x1cb Drivers/STM32F7xx_HAL_Driver/Src/stm32f7xx_hal_gpio.o
 .debug_abbrev  0x00000801      0x2f0 Drivers/STM32F7xx_HAL_Driver/Src/stm32f7xx_hal_pcd.o
 .debug_abbrev  0x00000af1      0x1aa Drivers/STM32F7xx_HAL_Driver/Src/stm32f7xx_hal_pcd_ex.o
 .debug_abbrev  0x00000c9b      0x1d4 Drivers/STM32F7xx_HAL_Driver/Src/stm32f7xx_hal_pwr_ex.o
 .debug_abbrev  0x00000e6f      0x305 Drivers/STM32F7xx_HAL_Driver/Src/stm32f7xx_hal_rcc.o
 .debug_abbrev  0x00001174      0x231 Drivers/STM32F7xx_HAL_Driver/Src/stm32f7xx_hal_rcc_ex.o
 .debug_abbrev  0x000013a5      0x2e1 Drivers/STM32F7xx_HAL_Driver/Src/stm32f7xx_ll_usb.o
 .debug_abbrev  0x00001686      0x259 Middlewares/ST/STM32_USB_Device_Library/Class/CDC/Src/usbd_cdc.o
 .debug_abbrev  0x000018df      0x273 Middlewares/ST/STM32_USB_Device_Library/Core/Src/usbd_core.o
 .debug_abbrev  0x00001b52      0x2c7 Middlewares/ST/STM32_USB_Device_Library/Core/Src/usbd_ctlreq.o
 .debug_abbrev  0x00001e19      0x158 Middlewares/ST/STM32_USB_Device_Library/Core/Src/usbd_ioreq.o
 .debug_abbrev  0x00001f71      0x1e0 Src/main.o
 .debug_abbrev  0x00002151       0xc5 Src/stm32f7xx_hal_msp.o
 .debug_abbrev  0x00002216      0x1b3 Src/stm32f7xx_it.o
 .debug_abbrev  0x000023c9      0x173 Src/usb_device.o
 .debug_abbrev  0x0000253c      0x269 Src/usbd_cdc_if.o
 .debug_abbrev  0x000027a5      0x29f Src/usbd_conf.o
 .debug_abbrev  0x00002a44      0x1da Src/usbd_desc.o

.debug_aranges  0x00000000      0x9e8
 .debug_aranges
                0x00000000       0x28 Drivers/CMSIS/Device/ST/STM32F7xx/Source/Templates/gcc/startup_stm32f756xx.o
 .debug_aranges
                0x00000028       0x28 Drivers/CMSIS/Device/ST/STM32F7xx/Source/Templates/system_stm32f7xx.o
 .debug_aranges
                0x00000050       0xc8 Drivers/STM32F7xx_HAL_Driver/Src/stm32f7xx_hal.o
 .debug_aranges
                0x00000118       0x98 Drivers/STM32F7xx_HAL_Driver/Src/stm32f7xx_hal_cortex.o
 .debug_aranges
                0x000001b0       0x58 Drivers/STM32F7xx_HAL_Driver/Src/stm32f7xx_hal_gpio.o
 .debug_aranges
                0x00000208       0xc0 Drivers/STM32F7xx_HAL_Driver/Src/stm32f7xx_hal_pcd.o
 .debug_aranges
                0x000002c8       0x40 Drivers/STM32F7xx_HAL_Driver/Src/stm32f7xx_hal_pcd_ex.o
 .debug_aranges
                0x00000308       0x80 Drivers/STM32F7xx_HAL_Driver/Src/stm32f7xx_hal_pwr_ex.o
 .debug_aranges
                0x00000388       0x88 Drivers/STM32F7xx_HAL_Driver/Src/stm32f7xx_hal_rcc.o
 .debug_aranges
                0x00000410       0x30 Drivers/STM32F7xx_HAL_Driver/Src/stm32f7xx_hal_rcc_ex.o
 .debug_aranges
                0x00000440      0x180 Drivers/STM32F7xx_HAL_Driver/Src/stm32f7xx_ll_usb.o
 .debug_aranges
                0x000005c0       0x90 Middlewares/ST/STM32_USB_Device_Library/Class/CDC/Src/usbd_cdc.o
 .debug_aranges
                0x00000650       0xa8 Middlewares/ST/STM32_USB_Device_Library/Core/Src/usbd_core.o
 .debug_aranges
                0x000006f8       0x48 Middlewares/ST/STM32_USB_Device_Library/Core/Src/usbd_ctlreq.o
 .debug_aranges
                0x00000740       0x50 Middlewares/ST/STM32_USB_Device_Library/Core/Src/usbd_ioreq.o
 .debug_aranges
                0x00000790       0x28 Src/main.o
 .debug_aranges
                0x000007b8       0x20 Src/stm32f7xx_hal_msp.o
 .debug_aranges
                0x000007d8       0x58 Src/stm32f7xx_it.o
 .debug_aranges
                0x00000830       0x20 Src/usb_device.o
 .debug_aranges
                0x00000850       0x40 Src/usbd_cdc_if.o
 .debug_aranges
                0x00000890      0x100 Src/usbd_conf.o
 .debug_aranges
                0x00000990       0x58 Src/usbd_desc.o

.debug_ranges   0x00000000      0xf20
 .debug_ranges  0x00000000       0x20 Drivers/CMSIS/Device/ST/STM32F7xx/Source/Templates/gcc/startup_stm32f756xx.o
 .debug_ranges  0x00000020       0x18 Drivers/CMSIS/Device/ST/STM32F7xx/Source/Templates/system_stm32f7xx.o
 .debug_ranges  0x00000038       0xb8 Drivers/STM32F7xx_HAL_Driver/Src/stm32f7xx_hal.o
 .debug_ranges  0x000000f0      0x140 Drivers/STM32F7xx_HAL_Driver/Src/stm32f7xx_hal_cortex.o
 .debug_ranges  0x00000230       0x78 Drivers/STM32F7xx_HAL_Driver/Src/stm32f7xx_hal_gpio.o
 .debug_ranges  0x000002a8       0xb0 Drivers/STM32F7xx_HAL_Driver/Src/stm32f7xx_hal_pcd.o
 .debug_ranges  0x00000358       0x30 Drivers/STM32F7xx_HAL_Driver/Src/stm32f7xx_hal_pcd_ex.o
 .debug_ranges  0x00000388      0x100 Drivers/STM32F7xx_HAL_Driver/Src/stm32f7xx_hal_pwr_ex.o
 .debug_ranges  0x00000488      0x1b8 Drivers/STM32F7xx_HAL_Driver/Src/stm32f7xx_hal_rcc.o
 .debug_ranges  0x00000640      0x320 Drivers/STM32F7xx_HAL_Driver/Src/stm32f7xx_hal_rcc_ex.o
 .debug_ranges  0x00000960      0x170 Drivers/STM32F7xx_HAL_Driver/Src/stm32f7xx_ll_usb.o
 .debug_ranges  0x00000ad0       0x80 Middlewares/ST/STM32_USB_Device_Library/Class/CDC/Src/usbd_cdc.o
 .debug_ranges  0x00000b50       0x98 Middlewares/ST/STM32_USB_Device_Library/Core/Src/usbd_core.o
 .debug_ranges  0x00000be8       0x38 Middlewares/ST/STM32_USB_Device_Library/Core/Src/usbd_ctlreq.o
 .debug_ranges  0x00000c20       0x40 Middlewares/ST/STM32_USB_Device_Library/Core/Src/usbd_ioreq.o
 .debug_ranges  0x00000c60       0xb0 Src/main.o
 .debug_ranges  0x00000d10       0x10 Src/stm32f7xx_hal_msp.o
 .debug_ranges  0x00000d20       0x48 Src/stm32f7xx_it.o
 .debug_ranges  0x00000d68       0x10 Src/usb_device.o
 .debug_ranges  0x00000d78       0x30 Src/usbd_cdc_if.o
 .debug_ranges  0x00000da8      0x130 Src/usbd_conf.o
 .debug_ranges  0x00000ed8       0x48 Src/usbd_desc.o

.debug_loc      0x00000000     0x5a2f
 .debug_loc     0x00000000       0xec Drivers/CMSIS/Device/ST/STM32F7xx/Source/Templates/system_stm32f7xx.o
 .debug_loc     0x000000ec       0x5c Drivers/STM32F7xx_HAL_Driver/Src/stm32f7xx_hal.o
 .debug_loc     0x00000148      0x4cd Drivers/STM32F7xx_HAL_Driver/Src/stm32f7xx_hal_cortex.o
 .debug_loc     0x00000615      0x36c Drivers/STM32F7xx_HAL_Driver/Src/stm32f7xx_hal_gpio.o
 .debug_loc     0x00000981      0xb98 Drivers/STM32F7xx_HAL_Driver/Src/stm32f7xx_hal_pcd.o
 .debug_loc     0x00001519      0x127 Drivers/STM32F7xx_HAL_Driver/Src/stm32f7xx_hal_pcd_ex.o
 .debug_loc     0x00001640      0x1e8 Drivers/STM32F7xx_HAL_Driver/Src/stm32f7xx_hal_pwr_ex.o
 .debug_loc     0x00001828      0x57e Drivers/STM32F7xx_HAL_Driver/Src/stm32f7xx_hal_rcc.o
 .debug_loc     0x00001da6      0x98b Drivers/STM32F7xx_HAL_Driver/Src/stm32f7xx_hal_rcc_ex.o
 .debug_loc     0x00002731     0x1430 Drivers/STM32F7xx_HAL_Driver/Src/stm32f7xx_ll_usb.o
 .debug_loc     0x00003b61      0x4bc Middlewares/ST/STM32_USB_Device_Library/Class/CDC/Src/usbd_cdc.o
 .debug_loc     0x0000401d      0x5d9 Middlewares/ST/STM32_USB_Device_Library/Core/Src/usbd_core.o
 .debug_loc     0x000045f6      0x6d9 Middlewares/ST/STM32_USB_Device_Library/Core/Src/usbd_ctlreq.o
 .debug_loc     0x00004ccf      0x23c Middlewares/ST/STM32_USB_Device_Library/Core/Src/usbd_ioreq.o
 .debug_loc     0x00004f0b      0x155 Src/usbd_cdc_if.o
 .debug_loc     0x00005060      0x73b Src/usbd_conf.o
 .debug_loc     0x0000579b      0x294 Src/usbd_desc.o

.debug_macro    0x00000000    0x18301
 .debug_macro   0x00000000      0x2ca Drivers/CMSIS/Device/ST/STM32F7xx/Source/Templates/system_stm32f7xx.o
 .debug_macro   0x000002ca      0x89e Drivers/CMSIS/Device/ST/STM32F7xx/Source/Templates/system_stm32f7xx.o
 .debug_macro   0x00000b68       0x2e Drivers/CMSIS/Device/ST/STM32F7xx/Source/Templates/system_stm32f7xx.o
 .debug_macro   0x00000b96       0x3b Drivers/CMSIS/Device/ST/STM32F7xx/Source/Templates/system_stm32f7xx.o
 .debug_macro   0x00000bd1       0x22 Drivers/CMSIS/Device/ST/STM32F7xx/Source/Templates/system_stm32f7xx.o
 .debug_macro   0x00000bf3       0x44 Drivers/CMSIS/Device/ST/STM32F7xx/Source/Templates/system_stm32f7xx.o
 .debug_macro   0x00000c37       0xfd Drivers/CMSIS/Device/ST/STM32F7xx/Source/Templates/system_stm32f7xx.o
 .debug_macro   0x00000d34       0x22 Drivers/CMSIS/Device/ST/STM32F7xx/Source/Templates/system_stm32f7xx.o
 .debug_macro   0x00000d56      0x1df Drivers/CMSIS/Device/ST/STM32F7xx/Source/Templates/system_stm32f7xx.o
 .debug_macro   0x00000f35       0x35 Drivers/CMSIS/Device/ST/STM32F7xx/Source/Templates/system_stm32f7xx.o
 .debug_macro   0x00000f6a       0x50 Drivers/CMSIS/Device/ST/STM32F7xx/Source/Templates/system_stm32f7xx.o
 .debug_macro   0x00000fba     0x1114 Drivers/CMSIS/Device/ST/STM32F7xx/Source/Templates/system_stm32f7xx.o
 .debug_macro   0x000020ce     0xa9c4 Drivers/CMSIS/Device/ST/STM32F7xx/Source/Templates/system_stm32f7xx.o
 .debug_macro   0x0000ca92       0x43 Drivers/CMSIS/Device/ST/STM32F7xx/Source/Templates/system_stm32f7xx.o
 .debug_macro   0x0000cad5      0x195 Drivers/CMSIS/Device/ST/STM32F7xx/Source/Templates/system_stm32f7xx.o
 .debug_macro   0x0000cc6a     0x32ff Drivers/CMSIS/Device/ST/STM32F7xx/Source/Templates/system_stm32f7xx.o
 .debug_macro   0x0000ff69       0x58 Drivers/CMSIS/Device/ST/STM32F7xx/Source/Templates/system_stm32f7xx.o
 .debug_macro   0x0000ffc1       0x35 Drivers/CMSIS/Device/ST/STM32F7xx/Source/Templates/system_stm32f7xx.o
 .debug_macro   0x0000fff6       0x9c Drivers/CMSIS/Device/ST/STM32F7xx/Source/Templates/system_stm32f7xx.o
 .debug_macro   0x00010092       0x16 Drivers/CMSIS/Device/ST/STM32F7xx/Source/Templates/system_stm32f7xx.o
 .debug_macro   0x000100a8       0x97 Drivers/CMSIS/Device/ST/STM32F7xx/Source/Templates/system_stm32f7xx.o
 .debug_macro   0x0001013f      0x329 Drivers/CMSIS/Device/ST/STM32F7xx/Source/Templates/system_stm32f7xx.o
 .debug_macro   0x00010468       0xfd Drivers/CMSIS/Device/ST/STM32F7xx/Source/Templates/system_stm32f7xx.o
 .debug_macro   0x00010565       0x10 Drivers/CMSIS/Device/ST/STM32F7xx/Source/Templates/system_stm32f7xx.o
 .debug_macro   0x00010575       0x52 Drivers/CMSIS/Device/ST/STM32F7xx/Source/Templates/system_stm32f7xx.o
 .debug_macro   0x000105c7       0x16 Drivers/CMSIS/Device/ST/STM32F7xx/Source/Templates/system_stm32f7xx.o
 .debug_macro   0x000105dd       0x43 Drivers/CMSIS/Device/ST/STM32F7xx/Source/Templates/system_stm32f7xx.o
 .debug_macro   0x00010620      0x187 Drivers/CMSIS/Device/ST/STM32F7xx/Source/Templates/system_stm32f7xx.o
 .debug_macro   0x000107a7       0x10 Drivers/CMSIS/Device/ST/STM32F7xx/Source/Templates/system_stm32f7xx.o
 .debug_macro   0x000107b7       0x22 Drivers/CMSIS/Device/ST/STM32F7xx/Source/Templates/system_stm32f7xx.o
 .debug_macro   0x000107d9       0x3a Drivers/CMSIS/Device/ST/STM32F7xx/Source/Templates/system_stm32f7xx.o
 .debug_macro   0x00010813       0x10 Drivers/CMSIS/Device/ST/STM32F7xx/Source/Templates/system_stm32f7xx.o
 .debug_macro   0x00010823       0x40 Drivers/CMSIS/Device/ST/STM32F7xx/Source/Templates/system_stm32f7xx.o
 .debug_macro   0x00010863       0x65 Drivers/CMSIS/Device/ST/STM32F7xx/Source/Templates/system_stm32f7xx.o
 .debug_macro   0x000108c8       0x16 Drivers/CMSIS/Device/ST/STM32F7xx/Source/Templates/system_stm32f7xx.o
 .debug_macro   0x000108de      0x197 Drivers/CMSIS/Device/ST/STM32F7xx/Source/Templates/system_stm32f7xx.o
 .debug_macro   0x00010a75       0x50 Drivers/CMSIS/Device/ST/STM32F7xx/Source/Templates/system_stm32f7xx.o
 .debug_macro   0x00010ac5      0x5c9 Drivers/CMSIS/Device/ST/STM32F7xx/Source/Templates/system_stm32f7xx.o
 .debug_macro   0x0001108e     0x1932 Drivers/CMSIS/Device/ST/STM32F7xx/Source/Templates/system_stm32f7xx.o
 .debug_macro   0x000129c0       0xdd Drivers/CMSIS/Device/ST/STM32F7xx/Source/Templates/system_stm32f7xx.o
 .debug_macro   0x00012a9d      0x11e Drivers/CMSIS/Device/ST/STM32F7xx/Source/Templates/system_stm32f7xx.o
 .debug_macro   0x00012bbb      0x1f3 Drivers/CMSIS/Device/ST/STM32F7xx/Source/Templates/system_stm32f7xx.o
 .debug_macro   0x00012dae       0x27 Drivers/CMSIS/Device/ST/STM32F7xx/Source/Templates/system_stm32f7xx.o
 .debug_macro   0x00012dd5      0x272 Drivers/CMSIS/Device/ST/STM32F7xx/Source/Templates/system_stm32f7xx.o
 .debug_macro   0x00013047       0x5f Drivers/CMSIS/Device/ST/STM32F7xx/Source/Templates/system_stm32f7xx.o
 .debug_macro   0x000130a6      0x23a Drivers/CMSIS/Device/ST/STM32F7xx/Source/Templates/system_stm32f7xx.o
 .debug_macro   0x000132e0      0x111 Drivers/CMSIS/Device/ST/STM32F7xx/Source/Templates/system_stm32f7xx.o
 .debug_macro   0x000133f1      0x293 Drivers/CMSIS/Device/ST/STM32F7xx/Source/Templates/system_stm32f7xx.o
 .debug_macro   0x00013684       0x12 Drivers/CMSIS/Device/ST/STM32F7xx/Source/Templates/system_stm32f7xx.o
 .debug_macro   0x00013696      0x133 Drivers/CMSIS/Device/ST/STM32F7xx/Source/Templates/system_stm32f7xx.o
 .debug_macro   0x000137c9      0x10c Drivers/CMSIS/Device/ST/STM32F7xx/Source/Templates/system_stm32f7xx.o
 .debug_macro   0x000138d5       0x3c Drivers/CMSIS/Device/ST/STM32F7xx/Source/Templates/system_stm32f7xx.o
 .debug_macro   0x00013911      0x1df Drivers/CMSIS/Device/ST/STM32F7xx/Source/Templates/system_stm32f7xx.o
 .debug_macro   0x00013af0      0x119 Drivers/CMSIS/Device/ST/STM32F7xx/Source/Templates/system_stm32f7xx.o
 .debug_macro   0x00013c09      0x2f7 Drivers/STM32F7xx_HAL_Driver/Src/stm32f7xx_hal.o
 .debug_macro   0x00013f00      0x130 Drivers/STM32F7xx_HAL_Driver/Src/stm32f7xx_hal.o
 .debug_macro   0x00014030      0x2d3 Drivers/STM32F7xx_HAL_Driver/Src/stm32f7xx_hal_cortex.o
 .debug_macro   0x00014303      0x30b Drivers/STM32F7xx_HAL_Driver/Src/stm32f7xx_hal_gpio.o
 .debug_macro   0x0001460e      0x2df Drivers/STM32F7xx_HAL_Driver/Src/stm32f7xx_hal_pcd.o
 .debug_macro   0x000148ed      0x2d3 Drivers/STM32F7xx_HAL_Driver/Src/stm32f7xx_hal_pcd_ex.o
 .debug_macro   0x00014bc0      0x2eb Drivers/STM32F7xx_HAL_Driver/Src/stm32f7xx_hal_pwr_ex.o
 .debug_macro   0x00014eab      0x2f7 Drivers/STM32F7xx_HAL_Driver/Src/stm32f7xx_hal_rcc.o
 .debug_macro   0x000151a2      0x2df Drivers/STM32F7xx_HAL_Driver/Src/stm32f7xx_hal_rcc_ex.o
 .debug_macro   0x00015481      0x2e1 Drivers/STM32F7xx_HAL_Driver/Src/stm32f7xx_ll_usb.o
 .debug_macro   0x00015762      0x379 Middlewares/ST/STM32_USB_Device_Library/Class/CDC/Src/usbd_cdc.o
 .debug_macro   0x00015adb       0x4a Middlewares/ST/STM32_USB_Device_Library/Class/CDC/Src/usbd_cdc.o
 .debug_macro   0x00015b25       0x16 Middlewares/ST/STM32_USB_Device_Library/Class/CDC/Src/usbd_cdc.o
 .debug_macro   0x00015b3b       0x35 Middlewares/ST/STM32_USB_Device_Library/Class/CDC/Src/usbd_cdc.o
 .debug_macro   0x00015b70       0x16 Middlewares/ST/STM32_USB_Device_Library/Class/CDC/Src/usbd_cdc.o
 .debug_macro   0x00015b86       0x29 Middlewares/ST/STM32_USB_Device_Library/Class/CDC/Src/usbd_cdc.o
 .debug_macro   0x00015baf       0x16 Middlewares/ST/STM32_USB_Device_Library/Class/CDC/Src/usbd_cdc.o
 .debug_macro   0x00015bc5      0x136 Middlewares/ST/STM32_USB_Device_Library/Class/CDC/Src/usbd_cdc.o
 .debug_macro   0x00015cfb       0x70 Middlewares/ST/STM32_USB_Device_Library/Class/CDC/Src/usbd_cdc.o
 .debug_macro   0x00015d6b      0x1c3 Middlewares/ST/STM32_USB_Device_Library/Class/CDC/Src/usbd_cdc.o
 .debug_macro   0x00015f2e       0x83 Middlewares/ST/STM32_USB_Device_Library/Class/CDC/Src/usbd_cdc.o
 .debug_macro   0x00015fb1      0x352 Middlewares/ST/STM32_USB_Device_Library/Core/Src/usbd_core.o
 .debug_macro   0x00016303      0x1c9 Middlewares/ST/STM32_USB_Device_Library/Core/Src/usbd_core.o
 .debug_macro   0x000164cc      0x35c Middlewares/ST/STM32_USB_Device_Library/Core/Src/usbd_ctlreq.o
 .debug_macro   0x00016828      0x358 Middlewares/ST/STM32_USB_Device_Library/Core/Src/usbd_ioreq.o
 .debug_macro   0x00016b80      0x346 Src/main.o
 .debug_macro   0x00016ec6      0x2d3 Src/stm32f7xx_hal_msp.o
 .debug_macro   0x00017199      0x2dd Src/stm32f7xx_it.o
 .debug_macro   0x00017476      0x393 Src/usb_device.o
 .debug_macro   0x00017809       0x83 Src/usb_device.o
 .debug_macro   0x0001788c      0x37d Src/usbd_cdc_if.o
 .debug_macro   0x00017c09      0x362 Src/usbd_conf.o
 .debug_macro   0x00017f6b      0x396 Src/usbd_desc.o

.debug_str      0x00000000    0x8ca84
 .debug_str     0x00000000    0x87753 Drivers/CMSIS/Device/ST/STM32F7xx/Source/Templates/system_stm32f7xx.o
                              0x87a3a (size before relaxing)
 .debug_str     0x00087753     0x19b0 Drivers/STM32F7xx_HAL_Driver/Src/stm32f7xx_hal.o
                              0x892f4 (size before relaxing)
 .debug_str     0x00089103      0x331 Drivers/STM32F7xx_HAL_Driver/Src/stm32f7xx_hal_cortex.o
                              0x89387 (size before relaxing)
 .debug_str     0x00089434      0x2c1 Drivers/STM32F7xx_HAL_Driver/Src/stm32f7xx_hal_gpio.o
                              0x88c34 (size before relaxing)
 .debug_str     0x000896f5      0x987 Drivers/STM32F7xx_HAL_Driver/Src/stm32f7xx_hal_pcd.o
                              0x89203 (size before relaxing)
 .debug_str     0x0008a07c       0x7a Drivers/STM32F7xx_HAL_Driver/Src/stm32f7xx_hal_pcd_ex.o
                              0x88c8e (size before relaxing)
 .debug_str     0x0008a0f6      0x1f3 Drivers/STM32F7xx_HAL_Driver/Src/stm32f7xx_hal_pwr_ex.o
                              0x88cf8 (size before relaxing)
 .debug_str     0x0008a2e9      0x372 Drivers/STM32F7xx_HAL_Driver/Src/stm32f7xx_hal_rcc.o
                              0x88da5 (size before relaxing)
 .debug_str     0x0008a65b      0x36e Drivers/STM32F7xx_HAL_Driver/Src/stm32f7xx_hal_rcc_ex.o
                              0x88ce9 (size before relaxing)
 .debug_str     0x0008a9c9      0x3e3 Drivers/STM32F7xx_HAL_Driver/Src/stm32f7xx_ll_usb.o
                              0x89201 (size before relaxing)
 .debug_str     0x0008adac     0x1291 Middlewares/ST/STM32_USB_Device_Library/Class/CDC/Src/usbd_cdc.o
                              0x89b94 (size before relaxing)
 .debug_str     0x0008c03d      0x27c Middlewares/ST/STM32_USB_Device_Library/Core/Src/usbd_core.o
                              0x8985d (size before relaxing)
 .debug_str     0x0008c2b9      0x125 Middlewares/ST/STM32_USB_Device_Library/Core/Src/usbd_ctlreq.o
                              0x8978f (size before relaxing)
 .debug_str     0x0008c3de       0x51 Middlewares/ST/STM32_USB_Device_Library/Core/Src/usbd_ioreq.o
                              0x896bc (size before relaxing)
 .debug_str     0x0008c42f       0x6f Src/main.o
                              0x89dd7 (size before relaxing)
 .debug_str     0x0008c49e       0x27 Src/stm32f7xx_hal_msp.o
                              0x88db9 (size before relaxing)
 .debug_str     0x0008c4c5       0xbf Src/stm32f7xx_it.o
                              0x88c3f (size before relaxing)
 .debug_str     0x0008c584       0x51 Src/usb_device.o
                              0x89927 (size before relaxing)
 .debug_str     0x0008c5d5       0xfd Src/usbd_cdc_if.o
                              0x89a61 (size before relaxing)
 .debug_str     0x0008c6d2      0x151 Src/usbd_conf.o
                              0x8a6c0 (size before relaxing)
 .debug_str     0x0008c823      0x261 Src/usbd_desc.o
                              0x89581 (size before relaxing)

.comment        0x00000000       0x6e
 .comment       0x00000000       0x6e Drivers/CMSIS/Device/ST/STM32F7xx/Source/Templates/system_stm32f7xx.o
                                 0x6f (size before relaxing)
 .comment       0x0000006e       0x6f Drivers/STM32F7xx_HAL_Driver/Src/stm32f7xx_hal.o
 .comment       0x0000006e       0x6f Drivers/STM32F7xx_HAL_Driver/Src/stm32f7xx_hal_cortex.o
 .comment       0x0000006e       0x6f Drivers/STM32F7xx_HAL_Driver/Src/stm32f7xx_hal_gpio.o
 .comment       0x0000006e       0x6f Drivers/STM32F7xx_HAL_Driver/Src/stm32f7xx_hal_pcd.o
 .comment       0x0000006e       0x6f Drivers/STM32F7xx_HAL_Driver/Src/stm32f7xx_hal_pcd_ex.o
 .comment       0x0000006e       0x6f Drivers/STM32F7xx_HAL_Driver/Src/stm32f7xx_hal_pwr_ex.o
 .comment       0x0000006e       0x6f Drivers/STM32F7xx_HAL_Driver/Src/stm32f7xx_hal_rcc.o
 .comment       0x0000006e       0x6f Drivers/STM32F7xx_HAL_Driver/Src/stm32f7xx_hal_rcc_ex.o
 .comment       0x0000006e       0x6f Drivers/STM32F7xx_HAL_Driver/Src/stm32f7xx_ll_usb.o
 .comment       0x0000006e       0x6f Middlewares/ST/STM32_USB_Device_Library/Class/CDC/Src/usbd_cdc.o
 .comment       0x0000006e       0x6f Middlewares/ST/STM32_USB_Device_Library/Core/Src/usbd_core.o
 .comment       0x0000006e       0x6f Middlewares/ST/STM32_USB_Device_Library/Core/Src/usbd_ctlreq.o
 .comment       0x0000006e       0x6f Middlewares/ST/STM32_USB_Device_Library/Core/Src/usbd_ioreq.o
 .comment       0x0000006e       0x6f Src/main.o
 .comment       0x0000006e       0x6f Src/stm32f7xx_hal_msp.o
 .comment       0x0000006e       0x6f Src/stm32f7xx_it.o
 .comment       0x0000006e       0x6f Src/usb_device.o
 .comment       0x0000006e       0x6f Src/usbd_cdc_if.o
 .comment       0x0000006e       0x6f Src/usbd_conf.o
 .comment       0x0000006e       0x6f Src/usbd_desc.o

.debug_frame    0x00000000     0x1960
 .debug_frame   0x00000000       0x30 Drivers/CMSIS/Device/ST/STM32F7xx/Source/Templates/system_stm32f7xx.o
 .debug_frame   0x00000030      0x1a4 Drivers/STM32F7xx_HAL_Driver/Src/stm32f7xx_hal.o
 .debug_frame   0x000001d4      0x130 Drivers/STM32F7xx_HAL_Driver/Src/stm32f7xx_hal_cortex.o
 .debug_frame   0x00000304       0xd4 Drivers/STM32F7xx_HAL_Driver/Src/stm32f7xx_hal_gpio.o
 .debug_frame   0x000003d8      0x2c4 Drivers/STM32F7xx_HAL_Driver/Src/stm32f7xx_hal_pcd.o
 .debug_frame   0x0000069c       0x6c Drivers/STM32F7xx_HAL_Driver/Src/stm32f7xx_hal_pcd_ex.o
 .debug_frame   0x00000708      0x140 Drivers/STM32F7xx_HAL_Driver/Src/stm32f7xx_hal_pwr_ex.o
 .debug_frame   0x00000848      0x150 Drivers/STM32F7xx_HAL_Driver/Src/stm32f7xx_hal_rcc.o
 .debug_frame   0x00000998       0x6c Drivers/STM32F7xx_HAL_Driver/Src/stm32f7xx_hal_rcc_ex.o
 .debug_frame   0x00000a04      0x484 Drivers/STM32F7xx_HAL_Driver/Src/stm32f7xx_ll_usb.o
 .debug_frame   0x00000e88      0x14c Middlewares/ST/STM32_USB_Device_Library/Class/CDC/Src/usbd_cdc.o
 .debug_frame   0x00000fd4      0x1c0 Middlewares/ST/STM32_USB_Device_Library/Core/Src/usbd_core.o
 .debug_frame   0x00001194       0xb0 Middlewares/ST/STM32_USB_Device_Library/Core/Src/usbd_ctlreq.o
 .debug_frame   0x00001244       0xb8 Middlewares/ST/STM32_USB_Device_Library/Core/Src/usbd_ioreq.o
 .debug_frame   0x000012fc       0x4c Src/main.o
 .debug_frame   0x00001348       0x2c Src/stm32f7xx_hal_msp.o
 .debug_frame   0x00001374       0x9c Src/stm32f7xx_it.o
 .debug_frame   0x00001410       0x2c Src/usb_device.o
 .debug_frame   0x0000143c       0x80 Src/usbd_cdc_if.o
 .debug_frame   0x000014bc      0x290 Src/usbd_conf.o
 .debug_frame   0x0000174c       0xb8 Src/usbd_desc.o
 .debug_frame   0x00001804       0x2c c:/ac6/systemworkbench/plugins/fr.ac6.mcu.externaltools.arm-none.win32_1.7.0.201602121829/tools/compiler/bin/../lib/gcc/arm-none-eabi/5.2.1/../../../../arm-none-eabi/lib/armv7e-m/fpu/fpv5-sp-d16\libc_nano.a(lib_a-init.o)
 .debug_frame   0x00001830       0x30 c:/ac6/systemworkbench/plugins/fr.ac6.mcu.externaltools.arm-none.win32_1.7.0.201602121829/tools/compiler/bin/../lib/gcc/arm-none-eabi/5.2.1/../../../../arm-none-eabi/lib/armv7e-m/fpu/fpv5-sp-d16\libc_nano.a(lib_a-malloc.o)
 .debug_frame   0x00001860       0x2c c:/ac6/systemworkbench/plugins/fr.ac6.mcu.externaltools.arm-none.win32_1.7.0.201602121829/tools/compiler/bin/../lib/gcc/arm-none-eabi/5.2.1/../../../../arm-none-eabi/lib/armv7e-m/fpu/fpv5-sp-d16\libc_nano.a(lib_a-nano-freer.o)
 .debug_frame   0x0000188c       0x2c c:/ac6/systemworkbench/plugins/fr.ac6.mcu.externaltools.arm-none.win32_1.7.0.201602121829/tools/compiler/bin/../lib/gcc/arm-none-eabi/5.2.1/../../../../arm-none-eabi/lib/armv7e-m/fpu/fpv5-sp-d16\libc_nano.a(lib_a-nano-mallocr.o)
 .debug_frame   0x000018b8       0x2c c:/ac6/systemworkbench/plugins/fr.ac6.mcu.externaltools.arm-none.win32_1.7.0.201602121829/tools/compiler/bin/../lib/gcc/arm-none-eabi/5.2.1/../../../../arm-none-eabi/lib/armv7e-m/fpu/fpv5-sp-d16\libc_nano.a(lib_a-sbrkr.o)
 .debug_frame   0x000018e4       0x5c c:/ac6/systemworkbench/plugins/fr.ac6.mcu.externaltools.arm-none.win32_1.7.0.201602121829/tools/compiler/bin/../lib/gcc/arm-none-eabi/5.2.1/../../../../arm-none-eabi/lib/armv7e-m/fpu/fpv5-sp-d16\libc_nano.a(lib_a-reent.o)
 .debug_frame   0x00001940       0x20 c:/ac6/systemworkbench/plugins/fr.ac6.mcu.externaltools.arm-none.win32_1.7.0.201602121829/tools/compiler/bin/../lib/gcc/arm-none-eabi/5.2.1/../../../../arm-none-eabi/lib/armv7e-m/fpu/fpv5-sp-d16\libnosys.a(sbrk.o)
